ARM Linker, 5.03 [Build 76] [MDK-ARM Lite]

==============================================================================

Section Cross References

    system_stm32f4xx.o(.text) refers to system_stm32f4xx.o(.data) for SystemCoreClock
    startup_stm32f4xx.o(RESET) refers to startup_stm32f4xx.o(STACK) for __initial_sp
    startup_stm32f4xx.o(RESET) refers to startup_stm32f4xx.o(.text) for Reset_Handler
    startup_stm32f4xx.o(RESET) refers to hal_cm4.o(.emb_text) for SVC_Handler
    startup_stm32f4xx.o(.text) refers to system_stm32f4xx.o(.text) for SystemInit
    startup_stm32f4xx.o(.text) refers to entry.o(.ARM.Collect$$$$00000000) for __main
    rtx_conf_cm.o(.ARM.Collect$$$$000000FF) refers to rt_cmsis.o(i.osKernelStart) for osKernelStart
    rtx_conf_cm.o(.ARM.Collect$$$$000000FF) refers to rtx_conf_cm.o(.constdata) for .constdata
    rtx_conf_cm.o(.constdata) refers to rt_cmsis.o(i.osTimerThread) for osTimerThread
    rtx_conf_cm.o(.constdata) refers to rtx_conf_cm.o(.bss) for os_messageQ_q_osTimerMessageQ
    rtx_conf_cm.o(.constdata) refers to main.o(.text) for main
    main.o(.text) refers to project_pwm.o(.text) for init_TIM4
    main.o(.text) refers to project_init.o(.text) for init_LEDS_PWM
    main.o(.text) refers to project_servo.o(.text) for init_servo
    main.o(.text) refers to project_accelerometer.o(.text) for init_orientation
    main.o(.text) refers to rt_cmsis.o(i.osThreadCreate) for osThreadCreate
    main.o(.text) refers to rt_cmsis.o(i.osDelay) for osDelay
    main.o(.text) refers to main.o(.data) for servo
    main.o(.text) refers to main.o(.bss) for orientation
    main.o(.text) refers to main.o(.constdata) for os_thread_def_thread
    main.o(.constdata) refers to main.o(.text) for thread
    project_init.o(.text) refers to stm32f4xx_rcc.o(.text) for RCC_AHB1PeriphClockCmd
    project_init.o(.text) refers to stm32f4xx_gpio.o(.text) for GPIO_Init
    project_pwm.o(.text) refers to stm32f4xx_rcc.o(.text) for RCC_APB1PeriphClockCmd
    project_pwm.o(.text) refers to stm32f4xx_tim.o(.text) for TIM_TimeBaseInit
    project_pwm.o(.text) refers to system_stm32f4xx.o(.data) for SystemCoreClock
    project_accelerometer.o(.text) refers to stm32f4_discovery_lis302dl.o(.text) for LIS302DL_ReadACC
    project_accelerometer.o(.text) refers to dflti.o(.text) for __aeabi_i2d
    project_accelerometer.o(.text) refers to dmul.o(.text) for __aeabi_dmul
    project_accelerometer.o(.text) refers to dadd.o(.text) for __aeabi_dadd
    project_accelerometer.o(.text) refers to dfixi.o(.text) for __aeabi_d2iz
    project_accelerometer.o(.text) refers to pow.o(i.__hardfp_pow) for __hardfp_pow
    project_accelerometer.o(.text) refers to sqrt.o(i.__hardfp_sqrt) for __hardfp_sqrt
    project_accelerometer.o(.text) refers to ddiv.o(.text) for __aeabi_ddiv
    project_accelerometer.o(.text) refers to atan.o(i.__hardfp_atan) for __hardfp_atan
    project_accelerometer.o(.text) refers to d2f.o(.text) for __aeabi_d2f
    project_accelerometer.o(.text) refers to stm32f4xx_tim.o(.text) for TIM_SetCompare1
    project_accelerometer.o(.text) refers to project_filter.o(.text) for insert_value
    project_filter.o(.text) refers to f2d.o(.text) for __aeabi_f2d
    project_filter.o(.text) refers to dadd.o(.text) for __aeabi_dadd
    project_filter.o(.text) refers to dfltui.o(.text) for __aeabi_ui2d
    project_filter.o(.text) refers to ddiv.o(.text) for __aeabi_ddiv
    project_filter.o(.text) refers to d2f.o(.text) for __aeabi_d2f
    stm32f4xx_adc.o(.text) refers to stm32f4xx_rcc.o(.text) for RCC_APB2PeriphResetCmd
    stm32f4xx_can.o(.text) refers to stm32f4xx_rcc.o(.text) for RCC_APB1PeriphResetCmd
    stm32f4xx_cryp.o(.text) refers to stm32f4xx_rcc.o(.text) for RCC_AHB2PeriphResetCmd
    stm32f4xx_cryp_aes.o(.text) refers to stm32f4xx_cryp.o(.text) for CRYP_KeyStructInit
    stm32f4xx_cryp_des.o(.text) refers to stm32f4xx_cryp.o(.text) for CRYP_KeyStructInit
    stm32f4xx_cryp_tdes.o(.text) refers to stm32f4xx_cryp.o(.text) for CRYP_KeyStructInit
    stm32f4xx_dac.o(.text) refers to stm32f4xx_rcc.o(.text) for RCC_APB1PeriphResetCmd
    stm32f4xx_gpio.o(.text) refers to stm32f4xx_rcc.o(.text) for RCC_AHB1PeriphResetCmd
    stm32f4xx_hash.o(.text) refers to stm32f4xx_rcc.o(.text) for RCC_AHB2PeriphResetCmd
    stm32f4xx_hash_md5.o(.text) refers to stm32f4xx_hash.o(.text) for HASH_DeInit
    stm32f4xx_hash_sha1.o(.text) refers to stm32f4xx_hash.o(.text) for HASH_DeInit
    stm32f4xx_i2c.o(.text) refers to stm32f4xx_rcc.o(.text) for RCC_APB1PeriphResetCmd
    stm32f4xx_pwr.o(.text) refers to stm32f4xx_rcc.o(.text) for RCC_APB1PeriphResetCmd
    stm32f4xx_rcc.o(.text) refers to stm32f4xx_rcc.o(.data) for APBAHBPrescTable
    stm32f4xx_rng.o(.text) refers to stm32f4xx_rcc.o(.text) for RCC_AHB2PeriphResetCmd
    stm32f4xx_sdio.o(.text) refers to stm32f4xx_rcc.o(.text) for RCC_APB2PeriphResetCmd
    stm32f4xx_spi.o(.text) refers to stm32f4xx_rcc.o(.text) for RCC_APB2PeriphResetCmd
[...]
    ..\STM32F4xx_StdPeriph_Driver\src\stm32f4xx_iwdg.c 0x00000000   Number         0  stm32f4xx_iwdg.o ABSOLUTE
    ..\STM32F4xx_StdPeriph_Driver\src\stm32f4xx_pwr.c 0x00000000   Number         0  stm32f4xx_pwr.o ABSOLUTE
    ..\STM32F4xx_StdPeriph_Driver\src\stm32f4xx_rcc.c 0x00000000   Number         0  stm32f4xx_rcc.o ABSOLUTE
    ..\STM32F4xx_StdPeriph_Driver\src\stm32f4xx_rng.c 0x00000000   Number         0  stm32f4xx_rng.o ABSOLUTE
    ..\STM32F4xx_StdPeriph_Driver\src\stm32f4xx_rtc.c 0x00000000   Number         0  stm32f4xx_rtc.o ABSOLUTE
    ..\STM32F4xx_StdPeriph_Driver\src\stm32f4xx_sdio.c 0x00000000   Number         0  stm32f4xx_sdio.o ABSOLUTE
    ..\STM32F4xx_StdPeriph_Driver\src\stm32f4xx_spi.c 0x00000000   Number         0  stm32f4xx_spi.o ABSOLUTE
    ..\STM32F4xx_StdPeriph_Driver\src\stm32f4xx_syscfg.c 0x00000000   Number         0  stm32f4xx_syscfg.o ABSOLUTE
    ..\STM32F4xx_StdPeriph_Driver\src\stm32f4xx_tim.c 0x00000000   Number         0  stm32f4xx_tim.o ABSOLUTE
    ..\STM32F4xx_StdPeriph_Driver\src\stm32f4xx_usart.c 0x00000000   Number         0  stm32f4xx_usart.o ABSOLUTE
    ..\STM32F4xx_StdPeriph_Driver\src\stm32f4xx_wwdg.c 0x00000000   Number         0  stm32f4xx_wwdg.o ABSOLUTE
    ..\\CC2500\\src\\CC2500.c                0x00000000   Number         0  cc2500.o ABSOLUTE
    ..\\LIS302DL\\src\\stm32f4_discovery_lis302dl.c 0x00000000   Number         0  stm32f4_discovery_lis302dl.o ABSOLUTE
    ..\\STM32F4xx_StdPeriph_Driver\\src\\misc.c 0x00000000   Number         0  misc.o ABSOLUTE
    ..\\STM32F4xx_StdPeriph_Driver\\src\\stm32f4xx_adc.c 0x00000000   Number         0  stm32f4xx_adc.o ABSOLUTE
    ..\\STM32F4xx_StdPeriph_Driver\\src\\stm32f4xx_can.c 0x00000000   Number         0  stm32f4xx_can.o ABSOLUTE
    ..\\STM32F4xx_StdPeriph_Driver\\src\\stm32f4xx_crc.c 0x00000000   Number         0  stm32f4xx_crc.o ABSOLUTE
    ..\\STM32F4xx_StdPeriph_Driver\\src\\stm32f4xx_cryp.c 0x00000000   Number         0  stm32f4xx_cryp.o ABSOLUTE
    ..\\STM32F4xx_StdPeriph_Driver\\src\\stm32f4xx_cryp_aes.c 0x00000000   Number         0  stm32f4xx_cryp_aes.o ABSOLUTE
    ..\\STM32F4xx_StdPeriph_Driver\\src\\stm32f4xx_cryp_des.c 0x00000000   Number         0  stm32f4xx_cryp_des.o ABSOLUTE
    ..\\STM32F4xx_StdPeriph_Driver\\src\\stm32f4xx_cryp_tdes.c 0x00000000   Number         0  stm32f4xx_cryp_tdes.o ABSOLUTE
    ..\\STM32F4xx_StdPeriph_Driver\\src\\stm32f4xx_dac.c 0x00000000   Number         0  stm32f4xx_dac.o ABSOLUTE
    ..\\STM32F4xx_StdPeriph_Driver\\src\\stm32f4xx_dbgmcu.c 0x00000000   Number         0  stm32f4xx_dbgmcu.o ABSOLUTE
    ..\\STM32F4xx_StdPeriph_Driver\\src\\stm32f4xx_dcmi.c 0x00000000   Number         0  stm32f4xx_dcmi.o ABSOLUTE
    ..\\STM32F4xx_StdPeriph_Driver\\src\\stm32f4xx_dma.c 0x00000000   Number         0  stm32f4xx_dma.o ABSOLUTE
    ..\\STM32F4xx_StdPeriph_Driver\\src\\stm32f4xx_exti.c 0x00000000   Number         0  stm32f4xx_exti.o ABSOLUTE
    ..\\STM32F4xx_StdPeriph_Driver\\src\\stm32f4xx_flash.c 0x00000000   Number         0  stm32f4xx_flash.o ABSOLUTE
    ..\\STM32F4xx_StdPeriph_Driver\\src\\stm32f4xx_fsmc.c 0x00000000   Number         0  stm32f4xx_fsmc.o ABSOLUTE
    ..\\STM32F4xx_StdPeriph_Driver\\src\\stm32f4xx_gpio.c 0x00000000   Number         0  stm32f4xx_gpio.o ABSOLUTE
    ..\\STM32F4xx_StdPeriph_Driver\\src\\stm32f4xx_hash.c 0x00000000   Number         0  stm32f4xx_hash.o ABSOLUTE
    ..\\STM32F4xx_StdPeriph_Driver\\src\\stm32f4xx_hash_md5.c 0x00000000   Number         0  stm32f4xx_hash_md5.o ABSOLUTE
    ..\\STM32F4xx_StdPeriph_Driver\\src\\stm32f4xx_hash_sha1.c 0x00000000   Number         0  stm32f4xx_hash_sha1.o ABSOLUTE
    ..\\STM32F4xx_StdPeriph_Driver\\src\\stm32f4xx_i2c.c 0x00000000   Number         0  stm32f4xx_i2c.o ABSOLUTE
    ..\\STM32F4xx_StdPeriph_Driver\\src\\stm32f4xx_iwdg.c 0x00000000   Number         0  stm32f4xx_iwdg.o ABSOLUTE
    ..\\STM32F4xx_StdPeriph_Driver\\src\\stm32f4xx_pwr.c 0x00000000   Number         0  stm32f4xx_pwr.o ABSOLUTE
    ..\\STM32F4xx_StdPeriph_Driver\\src\\stm32f4xx_rcc.c 0x00000000   Number         0  stm32f4xx_rcc.o ABSOLUTE
    ..\\STM32F4xx_StdPeriph_Driver\\src\\stm32f4xx_rng.c 0x00000000   Number         0  stm32f4xx_rng.o ABSOLUTE
    ..\\STM32F4xx_StdPeriph_Driver\\src\\stm32f4xx_rtc.c 0x00000000   Number         0  stm32f4xx_rtc.o ABSOLUTE
    ..\\STM32F4xx_StdPeriph_Driver\\src\\stm32f4xx_sdio.c 0x00000000   Number         0  stm32f4xx_sdio.o ABSOLUTE
    ..\\STM32F4xx_StdPeriph_Driver\\src\\stm32f4xx_spi.c 0x00000000   Number         0  stm32f4xx_spi.o ABSOLUTE
    ..\\STM32F4xx_StdPeriph_Driver\\src\\stm32f4xx_syscfg.c 0x00000000   Number         0  stm32f4xx_syscfg.o ABSOLUTE
    ..\\STM32F4xx_StdPeriph_Driver\\src\\stm32f4xx_tim.c 0x00000000   Number         0  stm32f4xx_tim.o ABSOLUTE
    ..\\STM32F4xx_StdPeriph_Driver\\src\\stm32f4xx_usart.c 0x00000000   Number         0  stm32f4xx_usart.o ABSOLUTE
    ..\\STM32F4xx_StdPeriph_Driver\\src\\stm32f4xx_wwdg.c 0x00000000   Number         0  stm32f4xx_wwdg.o ABSOLUTE
    ..\\rt_CMSIS.c                           0x00000000   Number         0  rt_cmsis.o ABSOLUTE
    ..\\rt_System.c                          0x00000000   Number         0  rt_system.o ABSOLUTE
    ..\main.c                                0x00000000   Number         0  main.o ABSOLUTE
    ..\rt_CMSIS.c                            0x00000000   Number         0  rt_cmsis.o ABSOLUTE
    ..\rt_Event.c                            0x00000000   Number         0  rt_event.o ABSOLUTE
    ..\rt_List.c                             0x00000000   Number         0  rt_list.o ABSOLUTE
    ..\rt_Mailbox.c                          0x00000000   Number         0  rt_mailbox.o ABSOLUTE
    ..\rt_MemBox.c                           0x00000000   Number         0  rt_membox.o ABSOLUTE
    ..\rt_Memory.c                           0x00000000   Number         0  rt_memory.o ABSOLUTE
    ..\rt_Mutex.c                            0x00000000   Number         0  rt_mutex.o ABSOLUTE
    ..\rt_Robin.c                            0x00000000   Number         0  rt_robin.o ABSOLUTE
    ..\rt_Semaphore.c                        0x00000000   Number         0  rt_semaphore.o ABSOLUTE
    ..\rt_System.c                           0x00000000   Number         0  rt_system.o ABSOLUTE
    ..\rt_Task.c                             0x00000000   Number         0  rt_task.o ABSOLUTE
    ..\rt_Time.c                             0x00000000   Number         0  rt_time.o ABSOLUTE
    ..\system_stm32f4xx.c                    0x00000000   Number         0  system_stm32f4xx.o ABSOLUTE
    HAL_CM4.c                                0x00000000   Number         0  hal_cm4.o ABSOLUTE
    HAL_CM4.c                                0x00000000   Number         0  hal_cm4.o ABSOLUTE
    SVC_Table.s                              0x00000000   Number         0  SVC_Table.o ABSOLUTE
    cdcmple.s                                0x00000000   Number         0  cdcmple.o ABSOLUTE
    cdrcmple.s                               0x00000000   Number         0  cdrcmple.o ABSOLUTE
    dc.s                                     0x00000000   Number         0  dc.o ABSOLUTE
    handlers.s                               0x00000000   Number         0  handlers.o ABSOLUTE
    init.s                                   0x00000000   Number         0  init.o ABSOLUTE
    src\\project_accelerometer.c             0x00000000   Number         0  project_accelerometer.o ABSOLUTE
    src\\project_filter.c                    0x00000000   Number         0  project_filter.o ABSOLUTE
    src\\project_init.c                      0x00000000   Number         0  project_init.o ABSOLUTE
    src\\project_pwm.c                       0x00000000   Number         0  project_pwm.o ABSOLUTE
    src\\project_servo.c                     0x00000000   Number         0  project_servo.o ABSOLUTE
    src\project_accelerometer.c              0x00000000   Number         0  project_accelerometer.o ABSOLUTE
    src\project_filter.c                     0x00000000   Number         0  project_filter.o ABSOLUTE
    src\project_init.c                       0x00000000   Number         0  project_init.o ABSOLUTE
    src\project_pwm.c                        0x00000000   Number         0  project_pwm.o ABSOLUTE
    src\project_servo.c                      0x00000000   Number         0  project_servo.o ABSOLUTE
    RESET                                    0x08000000   Section      392  startup_stm32f4xx.o(RESET)
    .ARM.Collect$$$$00000000                 0x08000188   Section        0  entry.o(.ARM.Collect$$$$00000000)
    .ARM.Collect$$$$00000001                 0x08000188   Section        4  entry2.o(.ARM.Collect$$$$00000001)
    .ARM.Collect$$$$00000004                 0x0800018c   Section        4  entry5.o(.ARM.Collect$$$$00000004)
    .ARM.Collect$$$$00000008                 0x08000190   Section        0  entry7b.o(.ARM.Collect$$$$00000008)
    .ARM.Collect$$$$0000000A                 0x08000190   Section        0  entry8b.o(.ARM.Collect$$$$0000000A)
    .ARM.Collect$$$$0000000D                 0x08000190   Section        0  entry10a.o(.ARM.Collect$$$$0000000D)
    .ARM.Collect$$$$0000000F                 0x08000190   Section        0  entry11a.o(.ARM.Collect$$$$0000000F)
    .ARM.Collect$$$$000000FF                 0x08000190   Section        0  rtx_conf_cm.o(.ARM.Collect$$$$000000FF)
    .ARM.Collect$$$$00002712                 0x080001a0   Section        4  entry2.o(.ARM.Collect$$$$00002712)
    __lit__00000000                          0x080001a0   Data           4  entry2.o(.ARM.Collect$$$$00002712)
    .emb_text                                0x080001a4   Section      372  hal_cm4.o(.emb_text)
    $v0                                      0x080001a4   Number         0  hal_cm4.o(.emb_text)
    .text                                    0x08000318   Section        0  system_stm32f4xx.o(.text)
    SetSysClock                              0x08000319   Thumb Code   218  system_stm32f4xx.o(.text)
    .text                                    0x08000524   Section       36  startup_stm32f4xx.o(.text)
    $v0                                      0x08000524   Number         0  startup_stm32f4xx.o(.text)
    .text                                    0x08000548   Section        0  rtx_conf_cm.o(.text)
    .text                                    0x08000550   Section        0  main.o(.text)
    .text                                    0x080005c8   Section        0  project_init.o(.text)
    .text                                    0x08000624   Section        0  project_servo.o(.text)
    .text                                    0x080006a8   Section        0  project_pwm.o(.text)
    .text                                    0x08000750   Section        0  project_accelerometer.o(.text)
    read_accelerometer                       0x08000751   Thumb Code  1286  project_accelerometer.o(.text)
    .text                                    0x08000e64   Section        0  project_filter.o(.text)
    .text                                    0x08000f64   Section        0  stm32f4xx_gpio.o(.text)
    .text                                    0x080011c0   Section        0  stm32f4xx_rcc.o(.text)
    .text                                    0x08001748   Section        0  stm32f4xx_spi.o(.text)
    .text                                    0x08001b3c   Section        0  stm32f4xx_tim.o(.text)
    TI4_Config                               0x080022db   Thumb Code    80  stm32f4xx_tim.o(.text)
    TI3_Config                               0x0800233d   Thumb Code    72  stm32f4xx_tim.o(.text)
    TI2_Config                               0x0800239f   Thumb Code    90  stm32f4xx_tim.o(.text)
    TI1_Config                               0x0800240b   Thumb Code    58  stm32f4xx_tim.o(.text)
    .text                                    0x080027e0   Section        0  stm32f4_discovery_lis302dl.o(.text)
    LIS302DL_SendByte                        0x080027e5   Thumb Code    98  stm32f4_discovery_lis302dl.o(.text)
    LIS302DL_LowLevel_Init                   0x08002881   Thumb Code   294  stm32f4_discovery_lis302dl.o(.text)
    .text                                    0x08002ba0   Section        0  dadd.o(.text)
    .text                                    0x08002cee   Section        0  dmul.o(.text)
    .text                                    0x08002dd2   Section        0  ddiv.o(.text)
    .text                                    0x08002eb0   Section        0  dflti.o(.text)
    .text                                    0x08002ed2   Section        0  dfltui.o(.text)
    .text                                    0x08002eec   Section        0  dfixi.o(.text)
    .text                                    0x08002f2a   Section        0  f2d.o(.text)
    .text                                    0x08002f50   Section        0  d2f.o(.text)
    .text                                    0x08002f88   Section        0  llshl.o(.text)
    .text                                    0x08002fa6   Section        0  llushr.o(.text)
    .text                                    0x08002fc6   Section        0  llsshr.o(.text)
    .text                                    0x08002fea   Section        0  fepilogue.o(.text)
    .text                                    0x08002fea   Section        0  iusefp.o(.text)
    .text                                    0x08003056   Section        0  depilogue.o(.text)
    .text                                    0x08003114   Section        0  dscalb.o(.text)
    .text                                    0x08003142   Section        0  dsqrt.o(.text)
    .text                                    0x080031e4   Section       40  cdrcmple.o(.text)
    .text                                    0x0800320c   Section       36  init.o(.text)
    SVC_TABLE                                0x08003230   Section        4  SVC_Table.o(SVC_TABLE)
    i.__ARM_fpclassify                       0x08003234   Section        0  fpclassify.o(i.__ARM_fpclassify)
    i.__hardfp_atan                          0x08003268   Section        0  atan.o(i.__hardfp_atan)
    i.__hardfp_pow                           0x08003550   Section        0  pow.o(i.__hardfp_pow)
    i.__hardfp_sqrt                          0x080041e0   Section        0  sqrt.o(i.__hardfp_sqrt)
    i.__kernel_poly                          0x0800425a   Section        0  poly.o(i.__kernel_poly)
    i.__mathlib_dbl_underflow                0x08004358   Section        0  dunder.o(i.__mathlib_dbl_underflow)
    i.__scatterload_copy                     0x08004378   Section       14  handlers.o(i.__scatterload_copy)
    i.__scatterload_null                     0x08004386   Section        2  handlers.o(i.__scatterload_null)
    i.__scatterload_zeroinit                 0x08004388   Section       14  handlers.o(i.__scatterload_zeroinit)
    i.__set_errno                            0x08004398   Section        0  errno.o(i.__set_errno)
    i._init_box                              0x080043a4   Section        0  rt_membox.o(i._init_box)
    i.dbg_init                               0x080043ec   Section        0  hal_cm.o(i.dbg_init)
    i.dbg_task_notify                        0x0800441c   Section        0  hal_cm.o(i.dbg_task_notify)
    i.dbg_task_switch                        0x0800443c   Section        0  hal_cm.o(i.dbg_task_switch)
    i.fabs                                   0x0800444c   Section        0  fabs.o(i.fabs)
    i.isrMessagePut                          0x0800446c   Section        0  rt_cmsis.o(i.isrMessagePut)
    isrMessagePut                            0x0800446d   Thumb Code    44  rt_cmsis.o(i.isrMessagePut)
    i.isr_mbx_receive                        0x08004498   Section        0  rt_mailbox.o(i.isr_mbx_receive)
    i.isr_mbx_send                           0x080044e8   Section        0  rt_mailbox.o(i.isr_mbx_send)
    i.osDelay                                0x080044f8   Section        0  rt_cmsis.o(i.osDelay)
    i.osKernelStart                          0x08004510   Section        0  rt_cmsis.o(i.osKernelStart)
    i.osMessageGet                           0x08004578   Section        0  rt_cmsis.o(i.osMessageGet)
    i.osThreadCreate                         0x080045bc   Section        0  rt_cmsis.o(i.osThreadCreate)
    i.osThreadExit                           0x080045d4   Section        0  rt_cmsis.o(i.osThreadExit)
    i.osTimerCall                            0x080045ec   Section        0  rt_cmsis.o(i.osTimerCall)
    i.osTimerThread                          0x080045f8   Section        0  rt_cmsis.o(i.osTimerThread)
    i.rt_alloc_box                           0x08004624   Section        0  rt_membox.o(i.rt_alloc_box)
    i.rt_alloc_mem                           0x08004640   Section        0  rt_memory.o(i.rt_alloc_mem)
    i.rt_block                               0x0800467c   Section        0  rt_task.o(i.rt_block)
    i.rt_chk_robin                           0x080046b4   Section        0  rt_robin.o(i.rt_chk_robin)
    i.rt_dec_dly                             0x080046fc   Section        0  rt_list.o(i.rt_dec_dly)
    i.rt_dispatch                            0x0800476c   Section        0  rt_task.o(i.rt_dispatch)
    i.rt_dly_wait                            0x080047b0   Section        0  rt_time.o(i.rt_dly_wait)
    i.rt_evt_psh                             0x080047b8   Section        0  rt_event.o(i.rt_evt_psh)
    i.rt_free_box                            0x08004808   Section        0  rt_membox.o(i.rt_free_box)
    i.rt_free_mem                            0x08004828   Section        0  rt_memory.o(i.rt_free_mem)
    i.rt_get_first                           0x08004850   Section        0  rt_list.o(i.rt_get_first)
    i.rt_id2obj                              0x08004878   Section        0  rt_cmsis.o(i.rt_id2obj)
    rt_id2obj                                0x08004879   Thumb Code     8  rt_cmsis.o(i.rt_id2obj)
    i.rt_init_context                        0x08004880   Section        0  rt_task.o(i.rt_init_context)
    rt_init_context                          0x08004881   Thumb Code    60  rt_task.o(i.rt_init_context)
    i.rt_init_mem                            0x080048c0   Section        0  rt_memory.o(i.rt_init_mem)
    i.rt_init_robin                          0x080048dc   Section        0  rt_robin.o(i.rt_init_robin)
    i.rt_init_stack                          0x080048f4   Section        0  hal_cm.o(i.rt_init_stack)
    i.rt_mbx_check                           0x08004944   Section        0  rt_mailbox.o(i.rt_mbx_check)
    i.rt_mbx_init                            0x0800494c   Section        0  rt_mailbox.o(i.rt_mbx_init)
    i.rt_mbx_psh                             0x08004968   Section        0  rt_mailbox.o(i.rt_mbx_psh)
    i.rt_mbx_wait                            0x08004a64   Section        0  rt_mailbox.o(i.rt_mbx_wait)
    i.rt_ms2tick                             0x08004b18   Section        0  rt_cmsis.o(i.rt_ms2tick)
    rt_ms2tick                               0x08004b19   Thumb Code    50  rt_cmsis.o(i.rt_ms2tick)
    i.rt_pop_req                             0x08004b54   Section        0  rt_system.o(i.rt_pop_req)
    i.rt_psh_req                             0x08004bcc   Section        0  rt_system.o(i.rt_psh_req)
    i.rt_psq_enq                             0x08004bec   Section        0  rt_list.o(i.rt_psq_enq)
    i.rt_put_dly                             0x08004c44   Section        0  rt_list.o(i.rt_put_dly)
    i.rt_put_prio                            0x08004ca0   Section        0  rt_list.o(i.rt_put_prio)
    i.rt_put_rdy_first                       0x08004cd8   Section        0  rt_list.o(i.rt_put_rdy_first)
    i.rt_ret_regs                            0x08004cec   Section        0  hal_cm.o(i.rt_ret_regs)
    rt_ret_regs                              0x08004ced   Thumb Code    16  hal_cm.o(i.rt_ret_regs)
    i.rt_ret_val                             0x08004cfc   Section        0  hal_cm.o(i.rt_ret_val)
    i.rt_ret_val2                            0x08004d08   Section        0  hal_cm.o(i.rt_ret_val2)
    i.rt_rmv_dly                             0x08004d18   Section        0  rt_list.o(i.rt_rmv_dly)
    i.rt_rmv_list                            0x08004d40   Section        0  rt_list.o(i.rt_rmv_list)
    i.rt_sem_psh                             0x08004d70   Section        0  rt_semaphore.o(i.rt_sem_psh)
    i.rt_stk_check                           0x08004da4   Section        0  rt_system.o(i.rt_stk_check)
    i.rt_switch_req                          0x08004dc8   Section        0  rt_task.o(i.rt_switch_req)
    i.rt_sys_init                            0x08004df0   Section        0  rt_task.o(i.rt_sys_init)
    i.rt_systick                             0x08004f30   Section        0  rt_system.o(i.rt_systick)
    i.rt_tid2ptcb                            0x08004f6c   Section        0  rt_cmsis.o(i.rt_tid2ptcb)
    rt_tid2ptcb                              0x08004f6d   Thumb Code    18  rt_cmsis.o(i.rt_tid2ptcb)
    i.rt_timer_insert                        0x08004f80   Section        0  rt_cmsis.o(i.rt_timer_insert)
    rt_timer_insert                          0x08004f81   Thumb Code    56  rt_cmsis.o(i.rt_timer_insert)
    i.rt_tsk_create                          0x08004fbc   Section        0  rt_task.o(i.rt_tsk_create)
    i.rt_tsk_delete                          0x0800503c   Section        0  rt_task.o(i.rt_tsk_delete)
    i.rt_tsk_self                            0x080050e8   Section        0  rt_task.o(i.rt_tsk_self)
    i.sqrt                                   0x080050f8   Section        0  sqrt.o(i.sqrt)
    i.svcDelay                               0x08005166   Section        0  rt_cmsis.o(i.svcDelay)
    i.svcKernelStart                         0x0800517c   Section        0  rt_cmsis.o(i.svcKernelStart)
    i.svcMessageCreate                       0x08005250   Section        0  rt_cmsis.o(i.svcMessageCreate)
    i.svcMessageGet                          0x08005274   Section        0  rt_cmsis.o(i.svcMessageGet)
    i.svcThreadCreate                        0x080052b0   Section        0  rt_cmsis.o(i.svcThreadCreate)
    i.svcThreadGetId                         0x08005320   Section        0  rt_cmsis.o(i.svcThreadGetId)
    i.svcThreadTerminate                     0x0800533c   Section        0  rt_cmsis.o(i.svcThreadTerminate)
    i.svcTimerCall                           0x08005374   Section        0  rt_cmsis.o(i.svcTimerCall)
    i.sysTimerTick                           0x0800538c   Section        0  rt_cmsis.o(i.sysTimerTick)
    .constdata                               0x080053e0   Section       88  rtx_conf_cm.o(.constdata)
    __tagsym$$used                           0x080053f4   Number         0  rtx_conf_cm.o(.constdata)
    __tagsym$$used                           0x080053f8   Number         0  rtx_conf_cm.o(.constdata)
    .constdata                               0x08005438   Section       16  main.o(.constdata)
    .constdata                               0x08005448   Section      152  atan.o(.constdata)
    atanhi                                   0x08005448   Data          32  atan.o(.constdata)
    atanlo                                   0x08005468   Data          32  atan.o(.constdata)
    aTodd                                    0x08005488   Data          40  atan.o(.constdata)
    aTeven                                   0x080054b0   Data          48  atan.o(.constdata)
    .constdata                               0x080054e0   Section      136  pow.o(.constdata)
    bp                                       0x080054e0   Data          16  pow.o(.constdata)
    dp_h                                     0x080054f0   Data          16  pow.o(.constdata)
    dp_l                                     0x08005500   Data          16  pow.o(.constdata)
    L                                        0x08005510   Data          48  pow.o(.constdata)
    P                                        0x08005540   Data          40  pow.o(.constdata)
    .constdata                               0x08005568   Section        8  qnan.o(.constdata)
    .bss                                     0x10000000   Section     6992  rtx_conf_cm.o(.bss)
    .data                                    0x20000000   Section       20  system_stm32f4xx.o(.data)
    .data                                    0x20000014   Section       16  rtx_conf_cm.o(.data)
    .data                                    0x20000024   Section        8  main.o(.data)
    servo                                    0x20000024   Data           8  main.o(.data)
    .data                                    0x2000002c   Section       16  stm32f4xx_rcc.o(.data)
    APBAHBPrescTable                         0x2000002c   Data          16  stm32f4xx_rcc.o(.data)
    .data                                    0x2000003c   Section        4  stm32f4_discovery_lis302dl.o(.data)
    .data                                    0x20000040   Section        4  rt_cmsis.o(.data)
    .data                                    0x20000044   Section        8  rt_task.o(.data)
    .data                                    0x2000004c   Section        3  rt_system.o(.data)
    os_lock                                  0x2000004c   Data           1  rt_system.o(.data)
    os_psh_flag                              0x2000004d   Data           1  rt_system.o(.data)
    pend_flags                               0x2000004e   Data           1  rt_system.o(.data)
    .data                                    0x20000050   Section        2  rt_time.o(.data)
    .data                                    0x20000052   Section        1  hal_cm.o(.data)
    .data                                    0x20000054   Section        8  rt_robin.o(.data)
    .data                                    0x2000005c   Section        4  errno.o(.data)
    _errno                                   0x2000005c   Data           4  errno.o(.data)
    .bss                                     0x20000060   Section      456  main.o(.bss)
    orientation                              0x20000060   Data         456  main.o(.bss)
    .bss                                     0x20000228   Section       48  rt_task.o(.bss)
    .bss                                     0x20000258   Section       48  rt_list.o(.bss)
    STACK                                    0x20000288   Section     1024  startup_stm32f4xx.o(STACK)

    Global Symbols

    Symbol Name                              Value     Ov Type        Size  Object(Section)

    BuildAttributes$$THM_ISAv4$E$P$D$K$B$S$7EM$VFPi3$EXTD16$VFPS$VFMA$PE$A:L22UL41UL21$X:L11$S22US41US21$IEEE1$IW$USESV6$~STKCKD$USESV7$~SHL$OTIME$ROPI$IEEEX$EBA8$MICROLIB$REQ8$PRES8$EABIv2 0x00000000   Number         0  anon$$obj.o ABSOLUTE
    __ARM_use_no_argv                        0x00000000   Number         0  main.o ABSOLUTE
    __cpp_initialize__aeabi_                  - Undefined Weak Reference
    __cxa_finalize                            - Undefined Weak Reference
    __decompress                              - Undefined Weak Reference
    _clock_init                               - Undefined Weak Reference
    _microlib_exit                            - Undefined Weak Reference
    __Vectors_Size                           0x00000188   Number         0  startup_stm32f4xx.o ABSOLUTE
    __RL_RTX_VER                             0x00000422   Number         0  rt_system.o ABSOLUTE
    __Vectors                                0x08000000   Data           4  startup_stm32f4xx.o(RESET)
    __Vectors_End                            0x08000188   Data           0  startup_stm32f4xx.o(RESET)
    __main                                   0x08000189   Thumb Code     0  entry.o(.ARM.Collect$$$$00000000)
    _main_stk                                0x08000189   Thumb Code     0  entry2.o(.ARM.Collect$$$$00000001)
    _main_scatterload                        0x0800018d   Thumb Code     0  entry5.o(.ARM.Collect$$$$00000004)
    __main_after_scatterload                 0x08000191   Thumb Code     0  entry5.o(.ARM.Collect$$$$00000004)
    __rt_final_cpp                           0x08000191   Thumb Code     0  entry10a.o(.ARM.Collect$$$$0000000D)
    __rt_final_exit                          0x08000191   Thumb Code     0  entry11a.o(.ARM.Collect$$$$0000000F)
    _main_clock                              0x08000191   Thumb Code     0  entry7b.o(.ARM.Collect$$$$00000008)
    _main_cpp_init                           0x08000191   Thumb Code     0  entry8b.o(.ARM.Collect$$$$0000000A)
    _main_init                               0x08000191   Thumb Code    10  rtx_conf_cm.o(.ARM.Collect$$$$000000FF)
    rt_set_PSP                               0x080001a5   Thumb Code     6  hal_cm4.o(.emb_text)
    os_set_env                               0x080001ab   Thumb Code    26  hal_cm4.o(.emb_text)
    _alloc_box                               0x080001c9   Thumb Code    28  hal_cm4.o(.emb_text)
    _free_box                                0x080001e9   Thumb Code    28  hal_cm4.o(.emb_text)
    SVC_Handler                              0x08000209   Thumb Code   152  hal_cm4.o(.emb_text)
    PendSV_Handler                           0x080002ad   Thumb Code     0  hal_cm4.o(.emb_text)
    Sys_Handler                              0x080002ad   Thumb Code   104  hal_cm4.o(.emb_text)
    SysTick_Handler                          0x0800030d   Thumb Code     0  hal_cm4.o(.emb_text)
    SystemInit                               0x080003f3   Thumb Code    88  system_stm32f4xx.o(.text)
    SystemCoreClockUpdate                    0x0800044b   Thumb Code   174  system_stm32f4xx.o(.text)
    Reset_Handler                            0x08000525   Thumb Code     8  startup_stm32f4xx.o(.text)
    NMI_Handler                              0x0800052d   Thumb Code     2  startup_stm32f4xx.o(.text)
    HardFault_Handler                        0x0800052f   Thumb Code     2  startup_stm32f4xx.o(.text)
    MemManage_Handler                        0x08000531   Thumb Code     2  startup_stm32f4xx.o(.text)
    BusFault_Handler                         0x08000533   Thumb Code     2  startup_stm32f4xx.o(.text)
    UsageFault_Handler                       0x08000535   Thumb Code     2  startup_stm32f4xx.o(.text)
    DebugMon_Handler                         0x08000539   Thumb Code     2  startup_stm32f4xx.o(.text)
    ADC_IRQHandler                           0x0800053f   Thumb Code     0  startup_stm32f4xx.o(.text)
    CAN1_RX0_IRQHandler                      0x0800053f   Thumb Code     0  startup_stm32f4xx.o(.text)
    CAN1_RX1_IRQHandler                      0x0800053f   Thumb Code     0  startup_stm32f4xx.o(.text)
    CAN1_SCE_IRQHandler                      0x0800053f   Thumb Code     0  startup_stm32f4xx.o(.text)
    CAN1_TX_IRQHandler                       0x0800053f   Thumb Code     0  startup_stm32f4xx.o(.text)
    CAN2_RX0_IRQHandler                      0x0800053f   Thumb Code     0  startup_stm32f4xx.o(.text)
    CAN2_RX1_IRQHandler                      0x0800053f   Thumb Code     0  startup_stm32f4xx.o(.text)
    CAN2_SCE_IRQHandler                      0x0800053f   Thumb Code     0  startup_stm32f4xx.o(.text)
    CAN2_TX_IRQHandler                       0x0800053f   Thumb Code     0  startup_stm32f4xx.o(.text)
    CRYP_IRQHandler                          0x0800053f   Thumb Code     0  startup_stm32f4xx.o(.text)
    DCMI_IRQHandler                          0x0800053f   Thumb Code     0  startup_stm32f4xx.o(.text)
    DMA1_Stream0_IRQHandler                  0x0800053f   Thumb Code     0  startup_stm32f4xx.o(.text)
    DMA1_Stream1_IRQHandler                  0x0800053f   Thumb Code     0  startup_stm32f4xx.o(.text)
    DMA1_Stream2_IRQHandler                  0x0800053f   Thumb Code     0  startup_stm32f4xx.o(.text)
    DMA1_Stream3_IRQHandler                  0x0800053f   Thumb Code     0  startup_stm32f4xx.o(.text)
    DMA1_Stream4_IRQHandler                  0x0800053f   Thumb Code     0  startup_stm32f4xx.o(.text)
    DMA1_Stream5_IRQHandler                  0x0800053f   Thumb Code     0  startup_stm32f4xx.o(.text)
    DMA1_Stream6_IRQHandler                  0x0800053f   Thumb Code     0  startup_stm32f4xx.o(.text)
    DMA1_Stream7_IRQHandler                  0x0800053f   Thumb Code     0  startup_stm32f4xx.o(.text)
    DMA2_Stream0_IRQHandler                  0x0800053f   Thumb Code     0  startup_stm32f4xx.o(.text)
    DMA2_Stream1_IRQHandler                  0x0800053f   Thumb Code     0  startup_stm32f4xx.o(.text)
    DMA2_Stream2_IRQHandler                  0x0800053f   Thumb Code     0  startup_stm32f4xx.o(.text)
    DMA2_Stream3_IRQHandler                  0x0800053f   Thumb Code     0  startup_stm32f4xx.o(.text)
    DMA2_Stream4_IRQHandler                  0x0800053f   Thumb Code     0  startup_stm32f4xx.o(.text)
    DMA2_Stream5_IRQHandler                  0x0800053f   Thumb Code     0  startup_stm32f4xx.o(.text)
    DMA2_Stream6_IRQHandler                  0x0800053f   Thumb Code     0  startup_stm32f4xx.o(.text)
    DMA2_Stream7_IRQHandler                  0x0800053f   Thumb Code     0  startup_stm32f4xx.o(.text)
    ETH_IRQHandler                           0x0800053f   Thumb Code     0  startup_stm32f4xx.o(.text)
    ETH_WKUP_IRQHandler                      0x0800053f   Thumb Code     0  startup_stm32f4xx.o(.text)
    EXTI0_IRQHandler                         0x0800053f   Thumb Code     0  startup_stm32f4xx.o(.text)
    EXTI15_10_IRQHandler                     0x0800053f   Thumb Code     0  startup_stm32f4xx.o(.text)
    EXTI1_IRQHandler                         0x0800053f   Thumb Code     0  startup_stm32f4xx.o(.text)
    EXTI2_IRQHandler                         0x0800053f   Thumb Code     0  startup_stm32f4xx.o(.text)
    EXTI3_IRQHandler                         0x0800053f   Thumb Code     0  startup_stm32f4xx.o(.text)
    EXTI4_IRQHandler                         0x0800053f   Thumb Code     0  startup_stm32f4xx.o(.text)
    EXTI9_5_IRQHandler                       0x0800053f   Thumb Code     0  startup_stm32f4xx.o(.text)
    FLASH_IRQHandler                         0x0800053f   Thumb Code     0  startup_stm32f4xx.o(.text)
    FPU_IRQHandler                           0x0800053f   Thumb Code     0  startup_stm32f4xx.o(.text)
    FSMC_IRQHandler                          0x0800053f   Thumb Code     0  startup_stm32f4xx.o(.text)
    HASH_RNG_IRQHandler                      0x0800053f   Thumb Code     0  startup_stm32f4xx.o(.text)
    I2C1_ER_IRQHandler                       0x0800053f   Thumb Code     0  startup_stm32f4xx.o(.text)
    I2C1_EV_IRQHandler                       0x0800053f   Thumb Code     0  startup_stm32f4xx.o(.text)
    I2C2_ER_IRQHandler                       0x0800053f   Thumb Code     0  startup_stm32f4xx.o(.text)
    I2C2_EV_IRQHandler                       0x0800053f   Thumb Code     0  startup_stm32f4xx.o(.text)
    I2C3_ER_IRQHandler                       0x0800053f   Thumb Code     0  startup_stm32f4xx.o(.text)
    I2C3_EV_IRQHandler                       0x0800053f   Thumb Code     0  startup_stm32f4xx.o(.text)
    OTG_FS_IRQHandler                        0x0800053f   Thumb Code     0  startup_stm32f4xx.o(.text)
    OTG_FS_WKUP_IRQHandler                   0x0800053f   Thumb Code     0  startup_stm32f4xx.o(.text)
    OTG_HS_EP1_IN_IRQHandler                 0x0800053f   Thumb Code     0  startup_stm32f4xx.o(.text)
    OTG_HS_EP1_OUT_IRQHandler                0x0800053f   Thumb Code     0  startup_stm32f4xx.o(.text)
    OTG_HS_IRQHandler                        0x0800053f   Thumb Code     0  startup_stm32f4xx.o(.text)
    OTG_HS_WKUP_IRQHandler                   0x0800053f   Thumb Code     0  startup_stm32f4xx.o(.text)
    PVD_IRQHandler                           0x0800053f   Thumb Code     0  startup_stm32f4xx.o(.text)
    RCC_IRQHandler                           0x0800053f   Thumb Code     0  startup_stm32f4xx.o(.text)
    RTC_Alarm_IRQHandler                     0x0800053f   Thumb Code     0  startup_stm32f4xx.o(.text)
    RTC_WKUP_IRQHandler                      0x0800053f   Thumb Code     0  startup_stm32f4xx.o(.text)
    SDIO_IRQHandler                          0x0800053f   Thumb Code     0  startup_stm32f4xx.o(.text)
    SPI1_IRQHandler                          0x0800053f   Thumb Code     0  startup_stm32f4xx.o(.text)
    SPI2_IRQHandler                          0x0800053f   Thumb Code     0  startup_stm32f4xx.o(.text)
    SPI3_IRQHandler                          0x0800053f   Thumb Code     0  startup_stm32f4xx.o(.text)
    TAMP_STAMP_IRQHandler                    0x0800053f   Thumb Code     0  startup_stm32f4xx.o(.text)
    TIM1_BRK_TIM9_IRQHandler                 0x0800053f   Thumb Code     0  startup_stm32f4xx.o(.text)
    TIM1_CC_IRQHandler                       0x0800053f   Thumb Code     0  startup_stm32f4xx.o(.text)
    TIM1_TRG_COM_TIM11_IRQHandler            0x0800053f   Thumb Code     0  startup_stm32f4xx.o(.text)
    TIM1_UP_TIM10_IRQHandler                 0x0800053f   Thumb Code     0  startup_stm32f4xx.o(.text)
    TIM2_IRQHandler                          0x0800053f   Thumb Code     0  startup_stm32f4xx.o(.text)
    TIM3_IRQHandler                          0x0800053f   Thumb Code     0  startup_stm32f4xx.o(.text)
    TIM4_IRQHandler                          0x0800053f   Thumb Code     0  startup_stm32f4xx.o(.text)
    TIM5_IRQHandler                          0x0800053f   Thumb Code     0  startup_stm32f4xx.o(.text)
    TIM6_DAC_IRQHandler                      0x0800053f   Thumb Code     0  startup_stm32f4xx.o(.text)
    TIM7_IRQHandler                          0x0800053f   Thumb Code     0  startup_stm32f4xx.o(.text)
    TIM8_BRK_TIM12_IRQHandler                0x0800053f   Thumb Code     0  startup_stm32f4xx.o(.text)
    TIM8_CC_IRQHandler                       0x0800053f   Thumb Code     0  startup_stm32f4xx.o(.text)
    TIM8_TRG_COM_TIM14_IRQHandler            0x0800053f   Thumb Code     0  startup_stm32f4xx.o(.text)
    TIM8_UP_TIM13_IRQHandler                 0x0800053f   Thumb Code     0  startup_stm32f4xx.o(.text)
    UART4_IRQHandler                         0x0800053f   Thumb Code     0  startup_stm32f4xx.o(.text)
    UART5_IRQHandler                         0x0800053f   Thumb Code     0  startup_stm32f4xx.o(.text)
    USART1_IRQHandler                        0x0800053f   Thumb Code     0  startup_stm32f4xx.o(.text)
    USART2_IRQHandler                        0x0800053f   Thumb Code     0  startup_stm32f4xx.o(.text)
    USART3_IRQHandler                        0x0800053f   Thumb Code     0  startup_stm32f4xx.o(.text)
    USART6_IRQHandler                        0x0800053f   Thumb Code     0  startup_stm32f4xx.o(.text)
    WWDG_IRQHandler                          0x0800053f   Thumb Code     0  startup_stm32f4xx.o(.text)
    os_idle_demon                            0x08000549   Thumb Code     4  rtx_conf_cm.o(.text)
    os_error                                 0x0800054d   Thumb Code     4  rtx_conf_cm.o(.text)
    main                                     0x08000551   Thumb Code    50  main.o(.text)
    thread                                   0x08000583   Thumb Code    54  main.o(.text)
    init_LEDS_PWM                            0x080005c9   Thumb Code    86  project_init.o(.text)
    init_servo                               0x08000625   Thumb Code     8  project_servo.o(.text)
    update_position                          0x0800062d   Thumb Code   102  project_servo.o(.text)
    init_TIM4                                0x080006a9   Thumb Code   160  project_pwm.o(.text)
    update_led_intensities                   0x08000c57   Thumb Code    46  project_accelerometer.o(.text)
    update_orientation                       0x08000c85   Thumb Code    60  project_accelerometer.o(.text)
    init_orientation                         0x08000cc1   Thumb Code    74  project_accelerometer.o(.text)
    display_orientation                      0x08000d0b   Thumb Code   190  project_accelerometer.o(.text)
    init_accelerometer                       0x08000dc9   Thumb Code   138  project_accelerometer.o(.text)
    init_moving_average                      0x08000e65   Thumb Code    44  project_filter.o(.text)
    insert_value                             0x08000e91   Thumb Code    46  project_filter.o(.text)
    calculate_average                        0x08000ebf   Thumb Code   152  project_filter.o(.text)
    GPIO_DeInit                              0x08000f65   Thumb Code   220  stm32f4xx_gpio.o(.text)
    GPIO_Init                                0x08001041   Thumb Code   144  stm32f4xx_gpio.o(.text)
    GPIO_StructInit                          0x080010d1   Thumb Code    18  stm32f4xx_gpio.o(.text)
    GPIO_PinLockConfig                       0x080010e3   Thumb Code    34  stm32f4xx_gpio.o(.text)
    GPIO_ReadInputDataBit                    0x08001105   Thumb Code    18  stm32f4xx_gpio.o(.text)
    GPIO_ReadInputData                       0x08001117   Thumb Code     8  stm32f4xx_gpio.o(.text)
    GPIO_ReadOutputDataBit                   0x0800111f   Thumb Code    18  stm32f4xx_gpio.o(.text)
    GPIO_ReadOutputData                      0x08001131   Thumb Code     8  stm32f4xx_gpio.o(.text)
    GPIO_SetBits                             0x08001139   Thumb Code     4  stm32f4xx_gpio.o(.text)
    GPIO_ResetBits                           0x0800113d   Thumb Code     4  stm32f4xx_gpio.o(.text)
    GPIO_WriteBit                            0x08001141   Thumb Code    10  stm32f4xx_gpio.o(.text)
    GPIO_Write                               0x0800114b   Thumb Code     4  stm32f4xx_gpio.o(.text)
    GPIO_ToggleBits                          0x0800114f   Thumb Code     8  stm32f4xx_gpio.o(.text)
    GPIO_PinAFConfig                         0x08001157   Thumb Code    70  stm32f4xx_gpio.o(.text)
    RCC_DeInit                               0x080011c1   Thumb Code    60  stm32f4xx_rcc.o(.text)
    RCC_HSEConfig                            0x080011fd   Thumb Code    14  stm32f4xx_rcc.o(.text)
    RCC_GetFlagStatus                        0x0800120b   Thumb Code    60  stm32f4xx_rcc.o(.text)
    RCC_WaitForHSEStartUp                    0x08001247   Thumb Code    56  stm32f4xx_rcc.o(.text)
    RCC_AdjustHSICalibrationValue            0x0800127f   Thumb Code    20  stm32f4xx_rcc.o(.text)
    RCC_HSICmd                               0x08001293   Thumb Code     6  stm32f4xx_rcc.o(.text)
    RCC_LSEConfig                            0x08001299   Thumb Code    46  stm32f4xx_rcc.o(.text)
    RCC_LSICmd                               0x080012c7   Thumb Code     6  stm32f4xx_rcc.o(.text)
    RCC_PLLConfig                            0x080012cd   Thumb Code    32  stm32f4xx_rcc.o(.text)
    RCC_PLLCmd                               0x080012ed   Thumb Code     6  stm32f4xx_rcc.o(.text)
    RCC_PLLI2SConfig                         0x080012f3   Thumb Code    14  stm32f4xx_rcc.o(.text)
    RCC_PLLI2SCmd                            0x08001301   Thumb Code     6  stm32f4xx_rcc.o(.text)
    RCC_ClockSecuritySystemCmd               0x08001307   Thumb Code     6  stm32f4xx_rcc.o(.text)
    RCC_MCO1Config                           0x0800130d   Thumb Code    28  stm32f4xx_rcc.o(.text)
    RCC_MCO2Config                           0x08001329   Thumb Code    28  stm32f4xx_rcc.o(.text)
    RCC_SYSCLKConfig                         0x08001345   Thumb Code    20  stm32f4xx_rcc.o(.text)
    RCC_GetSYSCLKSource                      0x08001359   Thumb Code    12  stm32f4xx_rcc.o(.text)
    RCC_HCLKConfig                           0x08001365   Thumb Code    20  stm32f4xx_rcc.o(.text)
    RCC_PCLK1Config                          0x08001379   Thumb Code    20  stm32f4xx_rcc.o(.text)
    RCC_PCLK2Config                          0x0800138d   Thumb Code    22  stm32f4xx_rcc.o(.text)
    RCC_GetClocksFreq                        0x080013a3   Thumb Code   222  stm32f4xx_rcc.o(.text)
    RCC_RTCCLKConfig                         0x08001481   Thumb Code    54  stm32f4xx_rcc.o(.text)
    RCC_RTCCLKCmd                            0x080014b7   Thumb Code     8  stm32f4xx_rcc.o(.text)
    RCC_BackupResetCmd                       0x080014bf   Thumb Code     8  stm32f4xx_rcc.o(.text)
    RCC_I2SCLKConfig                         0x080014c7   Thumb Code     6  stm32f4xx_rcc.o(.text)
    RCC_AHB1PeriphClockCmd                   0x080014cd   Thumb Code    34  stm32f4xx_rcc.o(.text)
    RCC_AHB2PeriphClockCmd                   0x080014ef   Thumb Code    34  stm32f4xx_rcc.o(.text)
    RCC_AHB3PeriphClockCmd                   0x08001511   Thumb Code    34  stm32f4xx_rcc.o(.text)
    RCC_APB1PeriphClockCmd                   0x08001533   Thumb Code    34  stm32f4xx_rcc.o(.text)
    RCC_APB2PeriphClockCmd                   0x08001555   Thumb Code    34  stm32f4xx_rcc.o(.text)
    RCC_AHB1PeriphResetCmd                   0x08001577   Thumb Code    34  stm32f4xx_rcc.o(.text)
    RCC_AHB2PeriphResetCmd                   0x08001599   Thumb Code    72  stm32f4xx_rcc.o(.text)
    RCC_AHB3PeriphResetCmd                   0x080015e1   Thumb Code    34  stm32f4xx_rcc.o(.text)
    RCC_APB1PeriphResetCmd                   0x08001603   Thumb Code    34  stm32f4xx_rcc.o(.text)
    RCC_APB2PeriphResetCmd                   0x08001625   Thumb Code    34  stm32f4xx_rcc.o(.text)
    RCC_AHB1PeriphClockLPModeCmd             0x08001647   Thumb Code    34  stm32f4xx_rcc.o(.text)
    RCC_AHB2PeriphClockLPModeCmd             0x08001669   Thumb Code    34  stm32f4xx_rcc.o(.text)
    RCC_AHB3PeriphClockLPModeCmd             0x0800168b   Thumb Code    34  stm32f4xx_rcc.o(.text)
    RCC_APB1PeriphClockLPModeCmd             0x080016ad   Thumb Code    34  stm32f4xx_rcc.o(.text)
    RCC_APB2PeriphClockLPModeCmd             0x080016cf   Thumb Code    34  stm32f4xx_rcc.o(.text)
    RCC_ITConfig                             0x080016f1   Thumb Code    34  stm32f4xx_rcc.o(.text)
    RCC_ClearFlag                            0x08001713   Thumb Code    18  stm32f4xx_rcc.o(.text)
    RCC_GetITStatus                          0x08001725   Thumb Code    22  stm32f4xx_rcc.o(.text)
    RCC_ClearITPendingBit                    0x0800173b   Thumb Code     8  stm32f4xx_rcc.o(.text)
    SPI_I2S_DeInit                           0x08001749   Thumb Code    76  stm32f4xx_spi.o(.text)
    SPI_Init                                 0x08001795   Thumb Code    60  stm32f4xx_spi.o(.text)
    I2S_Init                                 0x080017d1   Thumb Code   346  stm32f4xx_spi.o(.text)
    SPI_StructInit                           0x0800192b   Thumb Code    24  stm32f4xx_spi.o(.text)
    I2S_StructInit                           0x08001943   Thumb Code    20  stm32f4xx_spi.o(.text)
    SPI_Cmd                                  0x08001957   Thumb Code    24  stm32f4xx_spi.o(.text)
    I2S_Cmd                                  0x0800196f   Thumb Code    24  stm32f4xx_spi.o(.text)
    SPI_DataSizeConfig                       0x08001987   Thumb Code    18  stm32f4xx_spi.o(.text)
    SPI_BiDirectionalLineConfig              0x08001999   Thumb Code    28  stm32f4xx_spi.o(.text)
    SPI_NSSInternalSoftwareConfig            0x080019b5   Thumb Code    30  stm32f4xx_spi.o(.text)
    SPI_SSOutputCmd                          0x080019d3   Thumb Code    24  stm32f4xx_spi.o(.text)
    SPI_TIModeCmd                            0x080019eb   Thumb Code    24  stm32f4xx_spi.o(.text)
    I2S_FullDuplexConfig                     0x08001a03   Thumb Code    80  stm32f4xx_spi.o(.text)
    SPI_I2S_ReceiveData                      0x08001a53   Thumb Code     6  stm32f4xx_spi.o(.text)
    SPI_I2S_SendData                         0x08001a59   Thumb Code     4  stm32f4xx_spi.o(.text)
    SPI_CalculateCRC                         0x08001a5d   Thumb Code    24  stm32f4xx_spi.o(.text)
    SPI_TransmitCRC                          0x08001a75   Thumb Code    10  stm32f4xx_spi.o(.text)
    SPI_GetCRC                               0x08001a7f   Thumb Code    16  stm32f4xx_spi.o(.text)
    SPI_GetCRCPolynomial                     0x08001a8f   Thumb Code     6  stm32f4xx_spi.o(.text)
    SPI_I2S_DMACmd                           0x08001a95   Thumb Code    18  stm32f4xx_spi.o(.text)
    SPI_I2S_ITConfig                         0x08001aa7   Thumb Code    32  stm32f4xx_spi.o(.text)
    SPI_I2S_GetFlagStatus                    0x08001ac7   Thumb Code    18  stm32f4xx_spi.o(.text)
    SPI_I2S_ClearFlag                        0x08001ad9   Thumb Code     6  stm32f4xx_spi.o(.text)
    SPI_I2S_GetITStatus                      0x08001adf   Thumb Code    52  stm32f4xx_spi.o(.text)
    SPI_I2S_ClearITPendingBit                0x08001b13   Thumb Code    20  stm32f4xx_spi.o(.text)
    TIM_DeInit                               0x08001b3d   Thumb Code   346  stm32f4xx_tim.o(.text)
    TIM_TimeBaseInit                         0x08001c97   Thumb Code   104  stm32f4xx_tim.o(.text)
    TIM_TimeBaseStructInit                   0x08001cff   Thumb Code    18  stm32f4xx_tim.o(.text)
    TIM_PrescalerConfig                      0x08001d11   Thumb Code     6  stm32f4xx_tim.o(.text)
    TIM_CounterModeConfig                    0x08001d17   Thumb Code    18  stm32f4xx_tim.o(.text)
    TIM_SetCounter                           0x08001d29   Thumb Code     4  stm32f4xx_tim.o(.text)
    TIM_SetAutoreload                        0x08001d2d   Thumb Code     4  stm32f4xx_tim.o(.text)
    TIM_GetCounter                           0x08001d31   Thumb Code     6  stm32f4xx_tim.o(.text)
    TIM_GetPrescaler                         0x08001d37   Thumb Code     6  stm32f4xx_tim.o(.text)
    TIM_UpdateDisableConfig                  0x08001d3d   Thumb Code    24  stm32f4xx_tim.o(.text)
    TIM_UpdateRequestConfig                  0x08001d55   Thumb Code    24  stm32f4xx_tim.o(.text)
    TIM_ARRPreloadConfig                     0x08001d6d   Thumb Code    24  stm32f4xx_tim.o(.text)
    TIM_SelectOnePulseMode                   0x08001d85   Thumb Code    18  stm32f4xx_tim.o(.text)
    TIM_SetClockDivision                     0x08001d97   Thumb Code    18  stm32f4xx_tim.o(.text)
    TIM_Cmd                                  0x08001da9   Thumb Code    24  stm32f4xx_tim.o(.text)
    TIM_OC1Init                              0x08001dc1   Thumb Code   114  stm32f4xx_tim.o(.text)
    TIM_OC2Init                              0x08001e33   Thumb Code   154  stm32f4xx_tim.o(.text)
    TIM_OC3Init                              0x08001ecd   Thumb Code   204  stm32f4xx_tim.o(.text)
    TIM_OC4Init                              0x08001f99   Thumb Code   112  stm32f4xx_tim.o(.text)
    TIM_OCStructInit                         0x08002009   Thumb Code    20  stm32f4xx_tim.o(.text)
    TIM_SelectOCxM                           0x0800201d   Thumb Code    86  stm32f4xx_tim.o(.text)
    TIM_SetCompare1                          0x08002073   Thumb Code     4  stm32f4xx_tim.o(.text)
    TIM_SetCompare2                          0x08002077   Thumb Code     4  stm32f4xx_tim.o(.text)
    TIM_SetCompare3                          0x0800207b   Thumb Code     4  stm32f4xx_tim.o(.text)
    TIM_SetCompare4                          0x0800207f   Thumb Code     4  stm32f4xx_tim.o(.text)
    TIM_ForcedOC1Config                      0x08002083   Thumb Code    18  stm32f4xx_tim.o(.text)
    TIM_ForcedOC2Config                      0x08002095   Thumb Code    26  stm32f4xx_tim.o(.text)
    TIM_ForcedOC3Config                      0x080020af   Thumb Code    18  stm32f4xx_tim.o(.text)
    TIM_ForcedOC4Config                      0x080020c1   Thumb Code    26  stm32f4xx_tim.o(.text)
    TIM_OC1PreloadConfig                     0x080020db   Thumb Code    18  stm32f4xx_tim.o(.text)
    TIM_OC2PreloadConfig                     0x080020ed   Thumb Code    26  stm32f4xx_tim.o(.text)
    TIM_OC3PreloadConfig                     0x08002107   Thumb Code    18  stm32f4xx_tim.o(.text)
    TIM_OC4PreloadConfig                     0x08002119   Thumb Code    26  stm32f4xx_tim.o(.text)
    TIM_OC1FastConfig                        0x08002133   Thumb Code    18  stm32f4xx_tim.o(.text)
    TIM_OC2FastConfig                        0x08002145   Thumb Code    26  stm32f4xx_tim.o(.text)
    TIM_OC3FastConfig                        0x0800215f   Thumb Code    18  stm32f4xx_tim.o(.text)
    TIM_OC4FastConfig                        0x08002171   Thumb Code    26  stm32f4xx_tim.o(.text)
    TIM_ClearOC1Ref                          0x0800218b   Thumb Code    18  stm32f4xx_tim.o(.text)
    TIM_ClearOC2Ref                          0x0800219d   Thumb Code    24  stm32f4xx_tim.o(.text)
    TIM_ClearOC3Ref                          0x080021b5   Thumb Code    18  stm32f4xx_tim.o(.text)
    TIM_ClearOC4Ref                          0x080021c7   Thumb Code    24  stm32f4xx_tim.o(.text)
    TIM_OC1PolarityConfig                    0x080021df   Thumb Code    18  stm32f4xx_tim.o(.text)
    TIM_OC1NPolarityConfig                   0x080021f1   Thumb Code    18  stm32f4xx_tim.o(.text)
    TIM_OC2PolarityConfig                    0x08002203   Thumb Code    26  stm32f4xx_tim.o(.text)
    TIM_OC2NPolarityConfig                   0x0800221d   Thumb Code    26  stm32f4xx_tim.o(.text)
    TIM_OC3PolarityConfig                    0x08002237   Thumb Code    26  stm32f4xx_tim.o(.text)
    TIM_OC3NPolarityConfig                   0x08002251   Thumb Code    26  stm32f4xx_tim.o(.text)
    TIM_OC4PolarityConfig                    0x0800226b   Thumb Code    26  stm32f4xx_tim.o(.text)
    TIM_CCxCmd                               0x08002285   Thumb Code    30  stm32f4xx_tim.o(.text)
    TIM_CCxNCmd                              0x080022a3   Thumb Code    30  stm32f4xx_tim.o(.text)
    TIM_SetIC4Prescaler                      0x080022c1   Thumb Code    26  stm32f4xx_tim.o(.text)
    TIM_SetIC3Prescaler                      0x0800232b   Thumb Code    18  stm32f4xx_tim.o(.text)
    TIM_SetIC2Prescaler                      0x08002385   Thumb Code    26  stm32f4xx_tim.o(.text)
    TIM_SetIC1Prescaler                      0x080023f9   Thumb Code    18  stm32f4xx_tim.o(.text)
    TIM_ICInit                               0x08002445   Thumb Code   110  stm32f4xx_tim.o(.text)
    TIM_ICStructInit                         0x080024b3   Thumb Code    18  stm32f4xx_tim.o(.text)
    TIM_PWMIConfig                           0x080024c5   Thumb Code   124  stm32f4xx_tim.o(.text)
    TIM_GetCapture1                          0x08002541   Thumb Code     6  stm32f4xx_tim.o(.text)
    TIM_GetCapture2                          0x08002547   Thumb Code     6  stm32f4xx_tim.o(.text)
    TIM_GetCapture3                          0x0800254d   Thumb Code     6  stm32f4xx_tim.o(.text)
    TIM_GetCapture4                          0x08002553   Thumb Code     6  stm32f4xx_tim.o(.text)
    TIM_BDTRConfig                           0x08002559   Thumb Code    32  stm32f4xx_tim.o(.text)
    TIM_BDTRStructInit                       0x08002579   Thumb Code    18  stm32f4xx_tim.o(.text)
    TIM_CtrlPWMOutputs                       0x0800258b   Thumb Code    30  stm32f4xx_tim.o(.text)
    TIM_SelectCOM                            0x080025a9   Thumb Code    24  stm32f4xx_tim.o(.text)
    TIM_CCPreloadControl                     0x080025c1   Thumb Code    24  stm32f4xx_tim.o(.text)
    TIM_ITConfig                             0x080025d9   Thumb Code    18  stm32f4xx_tim.o(.text)
    TIM_GenerateEvent                        0x080025eb   Thumb Code     4  stm32f4xx_tim.o(.text)
    TIM_GetFlagStatus                        0x080025ef   Thumb Code    18  stm32f4xx_tim.o(.text)
    TIM_ClearFlag                            0x08002601   Thumb Code     6  stm32f4xx_tim.o(.text)
    TIM_GetITStatus                          0x08002607   Thumb Code    34  stm32f4xx_tim.o(.text)
    TIM_ClearITPendingBit                    0x08002629   Thumb Code     6  stm32f4xx_tim.o(.text)
    TIM_DMAConfig                            0x0800262f   Thumb Code    10  stm32f4xx_tim.o(.text)
    TIM_DMACmd                               0x08002639   Thumb Code    18  stm32f4xx_tim.o(.text)
    TIM_SelectCCDMA                          0x0800264b   Thumb Code    24  stm32f4xx_tim.o(.text)
    TIM_InternalClockConfig                  0x08002663   Thumb Code    12  stm32f4xx_tim.o(.text)
    TIM_SelectInputTrigger                   0x0800266f   Thumb Code    18  stm32f4xx_tim.o(.text)
    TIM_ITRxExternalClockConfig              0x08002681   Thumb Code    24  stm32f4xx_tim.o(.text)
    TIM_TIxExternalClockConfig               0x08002699   Thumb Code    62  stm32f4xx_tim.o(.text)
    TIM_ETRConfig                            0x080026d7   Thumb Code    28  stm32f4xx_tim.o(.text)
    TIM_ETRClockMode1Config                  0x080026f3   Thumb Code    54  stm32f4xx_tim.o(.text)
    TIM_ETRClockMode2Config                  0x08002729   Thumb Code    32  stm32f4xx_tim.o(.text)
    TIM_SelectOutputTrigger                  0x08002749   Thumb Code    18  stm32f4xx_tim.o(.text)
    TIM_SelectSlaveMode                      0x0800275b   Thumb Code    18  stm32f4xx_tim.o(.text)
    TIM_SelectMasterSlaveMode                0x0800276d   Thumb Code    18  stm32f4xx_tim.o(.text)
    TIM_EncoderInterfaceConfig               0x0800277f   Thumb Code    66  stm32f4xx_tim.o(.text)
    TIM_SelectHallSensor                     0x080027c1   Thumb Code    24  stm32f4xx_tim.o(.text)
    TIM_RemapConfig                          0x080027d9   Thumb Code     6  stm32f4xx_tim.o(.text)
    LIS302DL_TIMEOUT_UserCallback            0x080027e1   Thumb Code     4  stm32f4_discovery_lis302dl.o(.text)
    LIS302DL_Write                           0x08002847   Thumb Code    58  stm32f4_discovery_lis302dl.o(.text)
    LIS302DL_Init                            0x080029a7   Thumb Code    44  stm32f4_discovery_lis302dl.o(.text)
    LIS302DL_Read                            0x080029d3   Thumb Code    66  stm32f4_discovery_lis302dl.o(.text)
    LIS302DL_FilterConfig                    0x08002a15   Thumb Code    58  stm32f4_discovery_lis302dl.o(.text)
    LIS302DL_InterruptConfig                 0x08002a4f   Thumb Code    42  stm32f4_discovery_lis302dl.o(.text)
    LIS302DL_LowpowerCmd                     0x08002a79   Thumb Code    44  stm32f4_discovery_lis302dl.o(.text)
    LIS302DL_DataRateCmd                     0x08002aa5   Thumb Code    44  stm32f4_discovery_lis302dl.o(.text)
    LIS302DL_FullScaleCmd                    0x08002ad1   Thumb Code    44  stm32f4_discovery_lis302dl.o(.text)
    LIS302DL_RebootCmd                       0x08002afd   Thumb Code    34  stm32f4_discovery_lis302dl.o(.text)
    LIS302DL_ReadACC                         0x08002b1f   Thumb Code   112  stm32f4_discovery_lis302dl.o(.text)
    __aeabi_dadd                             0x08002ba1   Thumb Code   322  dadd.o(.text)
    __aeabi_dsub                             0x08002ce3   Thumb Code     6  dadd.o(.text)
    __aeabi_drsub                            0x08002ce9   Thumb Code     6  dadd.o(.text)
    __aeabi_dmul                             0x08002cef   Thumb Code   228  dmul.o(.text)
    __aeabi_ddiv                             0x08002dd3   Thumb Code   222  ddiv.o(.text)
    __aeabi_i2d                              0x08002eb1   Thumb Code    34  dflti.o(.text)
    __aeabi_ui2d                             0x08002ed3   Thumb Code    26  dfltui.o(.text)
    __aeabi_d2iz                             0x08002eed   Thumb Code    62  dfixi.o(.text)
    __aeabi_f2d                              0x08002f2b   Thumb Code    38  f2d.o(.text)
    __aeabi_d2f                              0x08002f51   Thumb Code    56  d2f.o(.text)
    __aeabi_llsl                             0x08002f89   Thumb Code    30  llshl.o(.text)
    _ll_shift_l                              0x08002f89   Thumb Code     0  llshl.o(.text)
    __aeabi_llsr                             0x08002fa7   Thumb Code    32  llushr.o(.text)
    _ll_ushift_r                             0x08002fa7   Thumb Code     0  llushr.o(.text)
    __aeabi_lasr                             0x08002fc7   Thumb Code    36  llsshr.o(.text)
    _ll_sshift_r                             0x08002fc7   Thumb Code     0  llsshr.o(.text)
    __I$use$fp                               0x08002feb   Thumb Code     0  iusefp.o(.text)
    _float_round                             0x08002feb   Thumb Code    18  fepilogue.o(.text)
    _float_epilogue                          0x08002ffd   Thumb Code    90  fepilogue.o(.text)
    _double_round                            0x08003057   Thumb Code    26  depilogue.o(.text)
    _double_epilogue                         0x08003071   Thumb Code   164  depilogue.o(.text)
    __ARM_scalbn                             0x08003115   Thumb Code    46  dscalb.o(.text)
    scalbn                                   0x08003115   Thumb Code     0  dscalb.o(.text)
    _dsqrt                                   0x08003143   Thumb Code   162  dsqrt.o(.text)
    __aeabi_cdrcmple                         0x080031e5   Thumb Code    38  cdrcmple.o(.text)
    __scatterload                            0x0800320d   Thumb Code    28  init.o(.text)
    __scatterload_rt2                        0x0800320d   Thumb Code     0  init.o(.text)
    SVC_Count                                0x08003230   Data           4  SVC_Table.o(SVC_TABLE)
    SVC_Table                                0x08003234   Data           0  SVC_Table.o(SVC_TABLE)
    __ARM_fpclassify                         0x08003235   Thumb Code    48  fpclassify.o(i.__ARM_fpclassify)
    __hardfp_atan                            0x08003269   Thumb Code   636  atan.o(i.__hardfp_atan)
    __hardfp_pow                             0x08003551   Thumb Code  3132  pow.o(i.__hardfp_pow)
    __hardfp_sqrt                            0x080041e1   Thumb Code   122  sqrt.o(i.__hardfp_sqrt)
    __kernel_poly                            0x0800425b   Thumb Code   248  poly.o(i.__kernel_poly)
    __mathlib_dbl_underflow                  0x08004359   Thumb Code    24  dunder.o(i.__mathlib_dbl_underflow)
    __scatterload_copy                       0x08004379   Thumb Code    14  handlers.o(i.__scatterload_copy)
    __scatterload_null                       0x08004387   Thumb Code     2  handlers.o(i.__scatterload_null)
    __scatterload_zeroinit                   0x08004389   Thumb Code    14  handlers.o(i.__scatterload_zeroinit)
    __set_errno                              0x08004399   Thumb Code     6  errno.o(i.__set_errno)
    _init_box                                0x080043a5   Thumb Code    70  rt_membox.o(i._init_box)
    dbg_init                                 0x080043ed   Thumb Code    34  hal_cm.o(i.dbg_init)
    dbg_task_notify                          0x0800441d   Thumb Code    32  hal_cm.o(i.dbg_task_notify)
    dbg_task_switch                          0x0800443d   Thumb Code    16  hal_cm.o(i.dbg_task_switch)
    fabs                                     0x0800444d   Thumb Code    32  fabs.o(i.fabs)
    isr_mbx_receive                          0x08004499   Thumb Code    80  rt_mailbox.o(i.isr_mbx_receive)
    isr_mbx_send                             0x080044e9   Thumb Code    14  rt_mailbox.o(i.isr_mbx_send)
    osDelay                                  0x080044f9   Thumb Code    18  rt_cmsis.o(i.osDelay)
    osKernelStart                            0x08004511   Thumb Code    94  rt_cmsis.o(i.osKernelStart)
    osMessageGet                             0x08004579   Thumb Code    64  rt_cmsis.o(i.osMessageGet)
    osThreadCreate                           0x080045bd   Thumb Code    18  rt_cmsis.o(i.osThreadCreate)
    osThreadExit                             0x080045d5   Thumb Code    14  rt_cmsis.o(i.osThreadExit)
    osTimerCall                              0x080045ed   Thumb Code     8  rt_cmsis.o(i.osTimerCall)
    osTimerThread                            0x080045f9   Thumb Code    38  rt_cmsis.o(i.osTimerThread)
    rt_alloc_box                             0x08004625   Thumb Code    28  rt_membox.o(i.rt_alloc_box)
    rt_alloc_mem                             0x08004641   Thumb Code    60  rt_memory.o(i.rt_alloc_mem)
    rt_block                                 0x0800467d   Thumb Code    48  rt_task.o(i.rt_block)
    rt_chk_robin                             0x080046b5   Thumb Code    58  rt_robin.o(i.rt_chk_robin)
    rt_dec_dly                               0x080046fd   Thumb Code   102  rt_list.o(i.rt_dec_dly)
    rt_dispatch                              0x0800476d   Thumb Code    60  rt_task.o(i.rt_dispatch)
    rt_dly_wait                              0x080047b1   Thumb Code     6  rt_time.o(i.rt_dly_wait)
    rt_evt_psh                               0x080047b9   Thumb Code    76  rt_event.o(i.rt_evt_psh)
    rt_free_box                              0x08004809   Thumb Code    32  rt_membox.o(i.rt_free_box)
    rt_free_mem                              0x08004829   Thumb Code    40  rt_memory.o(i.rt_free_mem)
    rt_get_first                             0x08004851   Thumb Code    40  rt_list.o(i.rt_get_first)
    rt_init_mem                              0x080048c1   Thumb Code    26  rt_memory.o(i.rt_init_mem)
    rt_init_robin                            0x080048dd   Thumb Code    14  rt_robin.o(i.rt_init_robin)
    rt_init_stack                            0x080048f5   Thumb Code    70  hal_cm.o(i.rt_init_stack)
    rt_mbx_check                             0x08004945   Thumb Code     8  rt_mailbox.o(i.rt_mbx_check)
    rt_mbx_init                              0x0800494d   Thumb Code    26  rt_mailbox.o(i.rt_mbx_init)
    rt_mbx_psh                               0x08004969   Thumb Code   248  rt_mailbox.o(i.rt_mbx_psh)
    rt_mbx_wait                              0x08004a65   Thumb Code   174  rt_mailbox.o(i.rt_mbx_wait)
    rt_pop_req                               0x08004b55   Thumb Code   106  rt_system.o(i.rt_pop_req)
    rt_psh_req                               0x08004bcd   Thumb Code    22  rt_system.o(i.rt_psh_req)
    rt_psq_enq                               0x08004bed   Thumb Code    82  rt_list.o(i.rt_psq_enq)
    rt_put_dly                               0x08004c45   Thumb Code    88  rt_list.o(i.rt_put_dly)
    rt_put_prio                              0x08004ca1   Thumb Code    56  rt_list.o(i.rt_put_prio)
    rt_put_rdy_first                         0x08004cd9   Thumb Code    14  rt_list.o(i.rt_put_rdy_first)
    rt_ret_val                               0x08004cfd   Thumb Code    12  hal_cm.o(i.rt_ret_val)
    rt_ret_val2                              0x08004d09   Thumb Code    16  hal_cm.o(i.rt_ret_val2)
    rt_rmv_dly                               0x08004d19   Thumb Code    40  rt_list.o(i.rt_rmv_dly)
    rt_rmv_list                              0x08004d41   Thumb Code    44  rt_list.o(i.rt_rmv_list)
    rt_sem_psh                               0x08004d71   Thumb Code    48  rt_semaphore.o(i.rt_sem_psh)
    rt_stk_check                             0x08004da5   Thumb Code    28  rt_system.o(i.rt_stk_check)
    rt_switch_req                            0x08004dc9   Thumb Code    30  rt_task.o(i.rt_switch_req)
    rt_sys_init                              0x08004df1   Thumb Code   242  rt_task.o(i.rt_sys_init)
    rt_systick                               0x08004f31   Thumb Code    48  rt_system.o(i.rt_systick)
    rt_tsk_create                            0x08004fbd   Thumb Code   112  rt_task.o(i.rt_tsk_create)
    rt_tsk_delete                            0x0800503d   Thumb Code   146  rt_task.o(i.rt_tsk_delete)
    rt_tsk_self                              0x080050e9   Thumb Code    12  rt_task.o(i.rt_tsk_self)
    sqrt                                     0x080050f9   Thumb Code   110  sqrt.o(i.sqrt)
    svcDelay                                 0x08005167   Thumb Code    20  rt_cmsis.o(i.svcDelay)
    svcKernelStart                           0x0800517d   Thumb Code   174  rt_cmsis.o(i.svcKernelStart)
    svcMessageCreate                         0x08005251   Thumb Code    36  rt_cmsis.o(i.svcMessageCreate)
    svcMessageGet                            0x08005275   Thumb Code    58  rt_cmsis.o(i.svcMessageGet)
    svcThreadCreate                          0x080052b1   Thumb Code   100  rt_cmsis.o(i.svcThreadCreate)
    svcThreadGetId                           0x08005321   Thumb Code    22  rt_cmsis.o(i.svcThreadGetId)
    svcThreadTerminate                       0x0800533d   Thumb Code    52  rt_cmsis.o(i.svcThreadTerminate)
    svcTimerCall                             0x08005375   Thumb Code    24  rt_cmsis.o(i.svcTimerCall)
    sysTimerTick                             0x0800538d   Thumb Code    76  rt_cmsis.o(i.sysTimerTick)
    os_maxtaskrun                            0x080053e0   Data           2  rtx_conf_cm.o(.constdata)
    os_stackinfo                             0x080053e4   Data           4  rtx_conf_cm.o(.constdata)
    os_rrobin                                0x080053e8   Data           4  rtx_conf_cm.o(.constdata)
    os_trv                                   0x080053ec   Data           4  rtx_conf_cm.o(.constdata)
    os_flags                                 0x080053f0   Data           1  rtx_conf_cm.o(.constdata)
    os_clockrate                             0x080053f4   Data           4  rtx_conf_cm.o(.constdata)
    os_timernum                              0x080053f8   Data           4  rtx_conf_cm.o(.constdata)
    mp_tcb_size                              0x080053fc   Data           2  rtx_conf_cm.o(.constdata)
    mp_stk_size                              0x08005400   Data           4  rtx_conf_cm.o(.constdata)
    os_stack_sz                              0x08005404   Data           4  rtx_conf_cm.o(.constdata)
    os_fifo_size                             0x08005408   Data           1  rtx_conf_cm.o(.constdata)
    os_thread_def_osTimerThread              0x0800540c   Data          16  rtx_conf_cm.o(.constdata)
    os_messageQ_def_osTimerMessageQ          0x0800541c   Data           8  rtx_conf_cm.o(.constdata)
    mp_tmr_size                              0x08005424   Data           2  rtx_conf_cm.o(.constdata)
    os_thread_def_main                       0x08005428   Data          16  rtx_conf_cm.o(.constdata)
    os_thread_def_thread                     0x08005438   Data          16  main.o(.constdata)
    __mathlib_zero                           0x08005568   Data           8  qnan.o(.constdata)
    Region$$Table$$Base                      0x08005570   Number         0  anon$$obj.o(Region$$Table)
    Region$$Table$$Limit                     0x080055a0   Number         0  anon$$obj.o(Region$$Table)
    mp_tcb                                   0x10000000   Data         348  rtx_conf_cm.o(.bss)
    mp_stk                                   0x10000160   Data        4816  rtx_conf_cm.o(.bss)
    os_stack_mem                             0x10001430   Data        1632  rtx_conf_cm.o(.bss)
    os_fifo                                  0x10001a90   Data         132  rtx_conf_cm.o(.bss)
    os_active_TCB                            0x10001b14   Data          28  rtx_conf_cm.o(.bss)
    os_messageQ_q_osTimerMessageQ            0x10001b30   Data          32  rtx_conf_cm.o(.bss)
    SystemCoreClock                          0x20000000   Data           4  system_stm32f4xx.o(.data)
    AHBPrescTable                            0x20000004   Data          16  system_stm32f4xx.o(.data)
    os_tmr                                   0x20000014   Data           4  rtx_conf_cm.o(.data)
    m_tmr                                    0x20000018   Data           4  rtx_conf_cm.o(.data)
    osThreadId_osTimerThread                 0x2000001c   Data           4  rtx_conf_cm.o(.data)
    osMessageQId_osTimerMessageQ             0x20000020   Data           4  rtx_conf_cm.o(.data)
    LIS302DLTimeout                          0x2000003c   Data           4  stm32f4_discovery_lis302dl.o(.data)
    os_timer_head                            0x20000040   Data           4  rt_cmsis.o(.data)
    os_tsk                                   0x20000044   Data           8  rt_task.o(.data)
    os_time                                  0x20000050   Data           2  rt_time.o(.data)
    dbg_msg                                  0x20000052   Data           1  hal_cm.o(.data)
    os_robin                                 0x20000054   Data           8  rt_robin.o(.data)
    os_idle_TCB                              0x20000228   Data          48  rt_task.o(.bss)
    os_rdy                                   0x20000258   Data          24  rt_list.o(.bss)
    os_dly                                   0x20000270   Data          24  rt_list.o(.bss)
    __initial_sp                             0x20000688   Data           0  startup_stm32f4xx.o(STACK)



==============================================================================

Memory Map of the image

  Image Entry point : 0x08000189

  Load Region LR_IROM1 (Base: 0x08000000, Size: 0x00005600, Max: 0x00100000, ABSOLUTE)

    Execution Region ER_IROM1 (Base: 0x08000000, Size: 0x000055a0, Max: 0x00100000, ABSOLUTE)

    Base Addr    Size         Type   Attr      Idx    E Section Name        Object

    0x08000000   0x00000188   Data   RO          132    RESET               startup_stm32f4xx.o
    0x08000188   0x00000000   Code   RO         2225  * .ARM.Collect$$$$00000000  mc_w.l(entry.o)
    0x08000188   0x00000004   Code   RO         2257    .ARM.Collect$$$$00000001  mc_w.l(entry2.o)
    0x0800018c   0x00000004   Code   RO         2260    .ARM.Collect$$$$00000004  mc_w.l(entry5.o)
    0x08000190   0x00000000   Code   RO         2262    .ARM.Collect$$$$00000008  mc_w.l(entry7b.o)
    0x08000190   0x00000000   Code   RO         2264    .ARM.Collect$$$$0000000A  mc_w.l(entry8b.o)
    0x08000190   0x00000000   Code   RO         2265    .ARM.Collect$$$$0000000D  mc_w.l(entry10a.o)
    0x08000190   0x00000000   Code   RO         2267    .ARM.Collect$$$$0000000F  mc_w.l(entry11a.o)
    0x08000190   0x00000010   Code   RO          137    .ARM.Collect$$$$000000FF  rtx_conf_cm.o
    0x080001a0   0x00000004   Code   RO         2258    .ARM.Collect$$$$00002712  mc_w.l(entry2.o)
    0x080001a4   0x00000174   Code   RO         2172    .emb_text           RTX_CM4.lib(hal_cm4.o)
    0x08000318   0x0000020c   Code   RO            3    .text               system_stm32f4xx.o
    0x08000524   0x00000024   Code   RO          133    .text               startup_stm32f4xx.o
    0x08000548   0x00000008   Code   RO          138    .text               rtx_conf_cm.o
    0x08000550   0x00000078   Code   RO          171    .text               main.o
    0x080005c8   0x0000005c   Code   RO          232    .text               project_init.o
    0x08000624   0x00000084   Code   RO          252    .text               project_servo.o
    0x080006a8   0x000000a8   Code   RO          275    .text               project_pwm.o
    0x08000750   0x00000714   Code   RO          295    .text               project_accelerometer.o
    0x08000e64   0x00000100   Code   RO          324    .text               project_filter.o
    0x08000f64   0x0000025c   Code   RO          752    .text               stm32f4xx_gpio.o
    0x080011c0   0x00000588   Code   RO          901    .text               stm32f4xx_rcc.o
    0x08001748   0x000003f4   Code   RO          992    .text               stm32f4xx_spi.o
    0x08001b3c   0x00000ca2   Code   RO         1035    .text               stm32f4xx_tim.o
    0x080027de   0x00000002   PAD
    0x080027e0   0x000003c0   Code   RO         1101    .text               stm32f4_discovery_lis302dl.o
    0x08002ba0   0x0000014e   Code   RO         2228    .text               mf_w.l(dadd.o)
    0x08002cee   0x000000e4   Code   RO         2230    .text               mf_w.l(dmul.o)
    0x08002dd2   0x000000de   Code   RO         2232    .text               mf_w.l(ddiv.o)
    0x08002eb0   0x00000022   Code   RO         2234    .text               mf_w.l(dflti.o)
    0x08002ed2   0x0000001a   Code   RO         2236    .text               mf_w.l(dfltui.o)
    0x08002eec   0x0000003e   Code   RO         2238    .text               mf_w.l(dfixi.o)
    0x08002f2a   0x00000026   Code   RO         2240    .text               mf_w.l(f2d.o)
    0x08002f50   0x00000038   Code   RO         2242    .text               mf_w.l(d2f.o)
    0x08002f88   0x0000001e   Code   RO         2269    .text               mc_w.l(llshl.o)
    0x08002fa6   0x00000020   Code   RO         2271    .text               mc_w.l(llushr.o)
    0x08002fc6   0x00000024   Code   RO         2273    .text               mc_w.l(llsshr.o)
    0x08002fea   0x00000000   Code   RO         2282    .text               mc_w.l(iusefp.o)
    0x08002fea   0x0000006c   Code   RO         2283    .text               mf_w.l(fepilogue.o)
    0x08003056   0x000000be   Code   RO         2285    .text               mf_w.l(depilogue.o)
    0x08003114   0x0000002e   Code   RO         2289    .text               mf_w.l(dscalb.o)
    0x08003142   0x000000a2   Code   RO         2291    .text               mf_w.l(dsqrt.o)
    0x080031e4   0x00000028   Code   RO         2295    .text               mf_w.l(cdrcmple.o)
    0x0800320c   0x00000024   Code   RO         2297    .text               mc_w.l(init.o)
    0x08003230   0x00000004   Code   RO         2182    SVC_TABLE           RTX_CM4.lib(SVC_Table.o)
    0x08003234   0x00000030   Code   RO         2252    i.__ARM_fpclassify  m_wm.l(fpclassify.o)
    0x08003264   0x00000004   PAD
    0x08003268   0x000002e8   Code   RO         2185    i.__hardfp_atan     m_wm.l(atan.o)
    0x08003550   0x00000c90   Code   RO         2199    i.__hardfp_pow      m_wm.l(pow.o)
    0x080041e0   0x0000007a   Code   RO         2213    i.__hardfp_sqrt     m_wm.l(sqrt.o)
    0x0800425a   0x000000f8   Code   RO         2254    i.__kernel_poly     m_wm.l(poly.o)
    0x08004352   0x00000006   PAD
    0x08004358   0x00000020   Code   RO         2244    i.__mathlib_dbl_underflow  m_wm.l(dunder.o)
    0x08004378   0x0000000e   Code   RO         2301    i.__scatterload_copy  mc_w.l(handlers.o)
    0x08004386   0x00000002   Code   RO         2302    i.__scatterload_null  mc_w.l(handlers.o)
    0x08004388   0x0000000e   Code   RO         2303    i.__scatterload_zeroinit  mc_w.l(handlers.o)
    0x08004396   0x00000002   PAD
    0x08004398   0x0000000c   Code   RO         2277    i.__set_errno       mc_w.l(errno.o)
    0x080043a4   0x00000046   Code   RO         2045    i._init_box         RTX_CM4.lib(rt_membox.o)
    0x080043ea   0x00000002   PAD
    0x080043ec   0x00000030   Code   RO         2098    i.dbg_init          RTX_CM4.lib(hal_cm.o)
    0x0800441c   0x00000020   Code   RO         2099    i.dbg_task_notify   RTX_CM4.lib(hal_cm.o)
    0x0800443c   0x00000010   Code   RO         2100    i.dbg_task_switch   RTX_CM4.lib(hal_cm.o)
    0x0800444c   0x00000020   Code   RO         2248    i.fabs              m_wm.l(fabs.o)
    0x0800446c   0x0000002c   Code   RO         1144    i.isrMessagePut     RTX_CM4.lib(rt_cmsis.o)
    0x08004498   0x00000050   Code   RO         1909    i.isr_mbx_receive   RTX_CM4.lib(rt_mailbox.o)
    0x080044e8   0x0000000e   Code   RO         1910    i.isr_mbx_send      RTX_CM4.lib(rt_mailbox.o)
    0x080044f6   0x00000002   PAD
    0x080044f8   0x00000018   Code   RO         1145    i.osDelay           RTX_CM4.lib(rt_cmsis.o)
    0x08004510   0x00000068   Code   RO         1147    i.osKernelStart     RTX_CM4.lib(rt_cmsis.o)
    0x08004578   0x00000044   Code   RO         1155    i.osMessageGet      RTX_CM4.lib(rt_cmsis.o)
    0x080045bc   0x00000018   Code   RO         1171    i.osThreadCreate    RTX_CM4.lib(rt_cmsis.o)
    0x080045d4   0x00000018   Code   RO         1172    i.osThreadExit      RTX_CM4.lib(rt_cmsis.o)
    0x080045ec   0x0000000c   Code   RO         1178    i.osTimerCall       RTX_CM4.lib(rt_cmsis.o)
    0x080045f8   0x0000002c   Code   RO         1182    i.osTimerThread     RTX_CM4.lib(rt_cmsis.o)
    0x08004624   0x0000001c   Code   RO         2046    i.rt_alloc_box      RTX_CM4.lib(rt_membox.o)
    0x08004640   0x0000003c   Code   RO         2074    i.rt_alloc_mem      RTX_CM4.lib(rt_memory.o)
    0x0800467c   0x00000038   Code   RO         1666    i.rt_block          RTX_CM4.lib(rt_task.o)
    0x080046b4   0x00000048   Code   RO         2151    i.rt_chk_robin      RTX_CM4.lib(rt_robin.o)
    0x080046fc   0x00000070   Code   RO         1833    i.rt_dec_dly        RTX_CM4.lib(rt_list.o)
    0x0800476c   0x00000044   Code   RO         1667    i.rt_dispatch       RTX_CM4.lib(rt_task.o)
    0x080047b0   0x00000006   Code   RO         1993    i.rt_dly_wait       RTX_CM4.lib(rt_time.o)
    0x080047b6   0x00000002   PAD
    0x080047b8   0x00000050   Code   RO         1794    i.rt_evt_psh        RTX_CM4.lib(rt_event.o)
    0x08004808   0x00000020   Code   RO         2047    i.rt_free_box       RTX_CM4.lib(rt_membox.o)
    0x08004828   0x00000028   Code   RO         2075    i.rt_free_mem       RTX_CM4.lib(rt_memory.o)
    0x08004850   0x00000028   Code   RO         1834    i.rt_get_first      RTX_CM4.lib(rt_list.o)
    0x08004878   0x00000008   Code   RO         1185    i.rt_id2obj         RTX_CM4.lib(rt_cmsis.o)
    0x08004880   0x00000040   Code   RO         1668    i.rt_init_context   RTX_CM4.lib(rt_task.o)
    0x080048c0   0x0000001a   Code   RO         2076    i.rt_init_mem       RTX_CM4.lib(rt_memory.o)
    0x080048da   0x00000002   PAD
    0x080048dc   0x00000018   Code   RO         2152    i.rt_init_robin     RTX_CM4.lib(rt_robin.o)
    0x080048f4   0x00000050   Code   RO         2101    i.rt_init_stack     RTX_CM4.lib(hal_cm.o)
    0x08004944   0x00000008   Code   RO         1911    i.rt_mbx_check      RTX_CM4.lib(rt_mailbox.o)
    0x0800494c   0x0000001a   Code   RO         1912    i.rt_mbx_init       RTX_CM4.lib(rt_mailbox.o)
    0x08004966   0x00000002   PAD
    0x08004968   0x000000fc   Code   RO         1913    i.rt_mbx_psh        RTX_CM4.lib(rt_mailbox.o)
    0x08004a64   0x000000b4   Code   RO         1915    i.rt_mbx_wait       RTX_CM4.lib(rt_mailbox.o)
    0x08004b18   0x0000003c   Code   RO         1186    i.rt_ms2tick        RTX_CM4.lib(rt_cmsis.o)
    0x08004b54   0x00000078   Code   RO         1745    i.rt_pop_req        RTX_CM4.lib(rt_system.o)
    0x08004bcc   0x00000020   Code   RO         1746    i.rt_psh_req        RTX_CM4.lib(rt_system.o)
    0x08004bec   0x00000058   Code   RO         1836    i.rt_psq_enq        RTX_CM4.lib(rt_list.o)
    0x08004c44   0x0000005c   Code   RO         1837    i.rt_put_dly        RTX_CM4.lib(rt_list.o)
    0x08004ca0   0x00000038   Code   RO         1838    i.rt_put_prio       RTX_CM4.lib(rt_list.o)
    0x08004cd8   0x00000014   Code   RO         1839    i.rt_put_rdy_first  RTX_CM4.lib(rt_list.o)
    0x08004cec   0x00000010   Code   RO         2102    i.rt_ret_regs       RTX_CM4.lib(hal_cm.o)
    0x08004cfc   0x0000000c   Code   RO         2103    i.rt_ret_val        RTX_CM4.lib(hal_cm.o)
    0x08004d08   0x00000010   Code   RO         2104    i.rt_ret_val2       RTX_CM4.lib(hal_cm.o)
    0x08004d18   0x00000028   Code   RO         1841    i.rt_rmv_dly        RTX_CM4.lib(rt_list.o)
    0x08004d40   0x00000030   Code   RO         1842    i.rt_rmv_list       RTX_CM4.lib(rt_list.o)
    0x08004d70   0x00000034   Code   RO         1959    i.rt_sem_psh        RTX_CM4.lib(rt_semaphore.o)
    0x08004da4   0x00000024   Code   RO         1747    i.rt_stk_check      RTX_CM4.lib(rt_system.o)
    0x08004dc8   0x00000028   Code   RO         1669    i.rt_switch_req     RTX_CM4.lib(rt_task.o)
    0x08004df0   0x00000140   Code   RO         1670    i.rt_sys_init       RTX_CM4.lib(rt_task.o)
    0x08004f30   0x0000003c   Code   RO         1748    i.rt_systick        RTX_CM4.lib(rt_system.o)
    0x08004f6c   0x00000012   Code   RO         1187    i.rt_tid2ptcb       RTX_CM4.lib(rt_cmsis.o)
    0x08004f7e   0x00000002   PAD
    0x08004f80   0x0000003c   Code   RO         1188    i.rt_timer_insert   RTX_CM4.lib(rt_cmsis.o)
    0x08004fbc   0x00000080   Code   RO         1671    i.rt_tsk_create     RTX_CM4.lib(rt_task.o)
    0x0800503c   0x000000ac   Code   RO         1672    i.rt_tsk_delete     RTX_CM4.lib(rt_task.o)
    0x080050e8   0x00000010   Code   RO         1675    i.rt_tsk_self       RTX_CM4.lib(rt_task.o)
    0x080050f8   0x0000006e   Code   RO         2215    i.sqrt              m_wm.l(sqrt.o)
    0x08005166   0x00000014   Code   RO         1190    i.svcDelay          RTX_CM4.lib(rt_cmsis.o)
    0x0800517a   0x00000002   PAD
    0x0800517c   0x000000d4   Code   RO         1191    i.svcKernelStart    RTX_CM4.lib(rt_cmsis.o)
    0x08005250   0x00000024   Code   RO         1193    i.svcMessageCreate  RTX_CM4.lib(rt_cmsis.o)
    0x08005274   0x0000003a   Code   RO         1194    i.svcMessageGet     RTX_CM4.lib(rt_cmsis.o)
    0x080052ae   0x00000002   PAD
    0x080052b0   0x00000070   Code   RO         1207    i.svcThreadCreate   RTX_CM4.lib(rt_cmsis.o)
    0x08005320   0x0000001c   Code   RO         1208    i.svcThreadGetId    RTX_CM4.lib(rt_cmsis.o)
    0x0800533c   0x00000038   Code   RO         1211    i.svcThreadTerminate  RTX_CM4.lib(rt_cmsis.o)
    0x08005374   0x00000018   Code   RO         1213    i.svcTimerCall      RTX_CM4.lib(rt_cmsis.o)
    0x0800538c   0x00000054   Code   RO         1221    i.sysTimerTick      RTX_CM4.lib(rt_cmsis.o)
    0x080053e0   0x00000058   Data   RO          140    .constdata          rtx_conf_cm.o
    0x08005438   0x00000010   Data   RO          173    .constdata          main.o
    0x08005448   0x00000098   Data   RO         2188    .constdata          m_wm.l(atan.o)
    0x080054e0   0x00000088   Data   RO         2202    .constdata          m_wm.l(pow.o)
    0x08005568   0x00000008   Data   RO         2256    .constdata          m_wm.l(qnan.o)
    0x08005570   0x00000030   Data   RO         2299    Region$$Table       anon$$obj.o


    Execution Region RW_IRAM1 (Base: 0x10000000, Size: 0x00001b50, Max: 0x0001ffff, ABSOLUTE)

    Base Addr    Size         Type   Attr      Idx    E Section Name        Object

    0x10000000   0x00001b50   Zero   RW          139    .bss                rtx_conf_cm.o


    Execution Region RW_IRAM2 (Base: 0x20000000, Size: 0x00000688, Max: 0x0001ffff, ABSOLUTE)

    Base Addr    Size         Type   Attr      Idx    E Section Name        Object

    0x20000000   0x00000014   Data   RW            4    .data               system_stm32f4xx.o
    0x20000014   0x00000010   Data   RW          141    .data               rtx_conf_cm.o
    0x20000024   0x00000008   Data   RW          174    .data               main.o
    0x2000002c   0x00000010   Data   RW          902    .data               stm32f4xx_rcc.o
    0x2000003c   0x00000004   Data   RW         1102    .data               stm32f4_discovery_lis302dl.o
    0x20000040   0x00000004   Data   RW         1222    .data               RTX_CM4.lib(rt_cmsis.o)
    0x20000044   0x00000008   Data   RW         1677    .data               RTX_CM4.lib(rt_task.o)
    0x2000004c   0x00000003   Data   RW         1751    .data               RTX_CM4.lib(rt_system.o)
    0x2000004f   0x00000001   PAD
    0x20000050   0x00000002   Data   RW         1996    .data               RTX_CM4.lib(rt_time.o)
    0x20000052   0x00000001   Data   RW         2105    .data               RTX_CM4.lib(hal_cm.o)
    0x20000053   0x00000001   PAD
    0x20000054   0x00000008   Data   RW         2153    .data               RTX_CM4.lib(rt_robin.o)
    0x2000005c   0x00000004   Data   RW         2278    .data               mc_w.l(errno.o)
    0x20000060   0x000001c8   Zero   RW          172    .bss                main.o
    0x20000228   0x00000030   Zero   RW         1676    .bss                RTX_CM4.lib(rt_task.o)
    0x20000258   0x00000030   Zero   RW         1843    .bss                RTX_CM4.lib(rt_list.o)
    0x20000288   0x00000400   Zero   RW          130    STACK               startup_stm32f4xx.o


==============================================================================

Image component sizes


      Code (inc. data)   RO Data    RW Data    ZI Data      Debug   Object Name

       120         16         16          8        456       6181   main.o
      1812        138          0          0          0       9168   project_accelerometer.o
       256         14          0          0          0       1593   project_filter.o
        92          6          0          0          0        516   project_init.o
       168          8          0          0          0        688   project_pwm.o
       132         22          0          0          0       1629   project_servo.o
        24          6         88         16       6992       6516   rtx_conf_cm.o
        36          8        392          0       1024        784   startup_stm32f4xx.o
       960         18          0          4          0       4256   stm32f4_discovery_lis302dl.o
       604         36          0          0          0      10525   stm32f4xx_gpio.o
      1416         48          0         16          0      23951   stm32f4xx_rcc.o
      1012         22          0          0          0      14949   stm32f4xx_spi.o
      3234         60          0          0          0      42168   stm32f4xx_tim.o
       524         44          0         20          0     247575   system_stm32f4xx.o

    ----------------------------------------------------------------------
     10392        446        544         64       8472     370499   Object Totals
         0          0         48          0          0          0   (incl. Generated)
         2          0          0          0          0          0   (incl. Padding)

    ----------------------------------------------------------------------

      Code (inc. data)   RO Data    RW Data    ZI Data      Debug   Library Member Name

         4          4          0          0          0        132   SVC_Table.o
       220         24          0          1          0       3876   hal_cm.o
       372         32          0          0          0        616   hal_cm4.o
      1120        128          0          4          0      27003   rt_cmsis.o
        80          4          0          0          0        637   rt_event.o
       496         30          0          0         48       6636   rt_list.o
       560         10          0          0          0       3829   rt_mailbox.o
       130          0          0          0          0       1837   rt_membox.o
       126          0          0          0          0       2159   rt_memory.o
        96         24          0          8          0       1042   rt_robin.o
        52          4          0          0          0        557   rt_semaphore.o
       248         44          0          3          0       2066   rt_system.o
       864        154          0          8         48       7224   rt_task.o
         6          0          0          2          0        572   rt_time.o
       744        108        152          0          0        220   atan.o
        32          8          0          0          0        124   dunder.o
        32          0          0          0          0        124   fabs.o
        48          0          0          0          0        124   fpclassify.o
       248          0          0          0          0        152   poly.o
      3216        310        136          0          0        216   pow.o
         0          0          8          0          0          0   qnan.o
       232          0          0          0          0        296   sqrt.o
         0          0          0          0          0          0   entry.o
         0          0          0          0          0          0   entry10a.o
         0          0          0          0          0          0   entry11a.o
         8          4          0          0          0          0   entry2.o
         4          0          0          0          0          0   entry5.o
         0          0          0          0          0          0   entry7b.o
         0          0          0          0          0          0   entry8b.o
        12          6          0          4          0         68   errno.o
        30          0          0          0          0          0   handlers.o
        36          8          0          0          0         68   init.o
         0          0          0          0          0          0   iusefp.o
        30          0          0          0          0         68   llshl.o
        36          0          0          0          0         68   llsshr.o
        32          0          0          0          0         68   llushr.o
        40          2          0          0          0         68   cdrcmple.o
        56          0          0          0          0         88   d2f.o
       334          0          0          0          0        148   dadd.o
       222          0          0          0          0        100   ddiv.o
       190          0          0          0          0        176   depilogue.o
        62          0          0          0          0         80   dfixi.o
        34          0          0          0          0         76   dflti.o
        26          0          0          0          0         76   dfltui.o
       228          0          0          0          0         96   dmul.o
        46          0          0          0          0         80   dscalb.o
       162          0          0          0          0        100   dsqrt.o
        38          0          0          0          0         68   f2d.o
       108          0          0          0          0        168   fepilogue.o

    ----------------------------------------------------------------------
     10688        904        296         32         96      61106   Library Totals
        28          0          0          2          0          0   (incl. Padding)

    ----------------------------------------------------------------------

      Code (inc. data)   RO Data    RW Data    ZI Data      Debug   Library Name

      4374        458          0         26         96      58186   RTX_CM4.lib
      4552        426        296          0          0       1256   m_wm.l
       188         18          0          4          0        340   mc_w.l
      1546          2          0          0          0       1324   mf_w.l

    ----------------------------------------------------------------------
     10688        904        296         32         96      61106   Library Totals

    ----------------------------------------------------------------------

==============================================================================


      Code (inc. data)   RO Data    RW Data    ZI Data      Debug   

     21080       1350        840         96       8568     421525   Grand Totals
     21080       1350        840         96       8568     421525   ELF Image Totals
     21080       1350        840         96          0          0   ROM Totals

==============================================================================

    Total RO  Size (Code + RO Data)                21920 (  21.41kB)
    Total RW  Size (RW Data + ZI Data)              8664 (   8.46kB)
    Total ROM Size (Code + RO Data + RW Data)      22016 (  21.50kB)

==============================================================================

